Archive member included to satisfy reference by file (symbol)

f:/programas/cubeide/stm32cubeide_1.5.1/stm32cubeide/plugins/com.st.stm32cube.ide.mcu.externaltools.gnu-tools-for-stm32.7-2018-q2-update.win32_1.5.0.202011040924/tools/bin/../lib/gcc/arm-none-eabi/7.3.1/../../../../arm-none-eabi/lib/thumb/v7e-m/fpv5/hard\libc_nano.a(lib_a-errno.o)
                              Core/Src/syscalls.o (__errno)
f:/programas/cubeide/stm32cubeide_1.5.1/stm32cubeide/plugins/com.st.stm32cube.ide.mcu.externaltools.gnu-tools-for-stm32.7-2018-q2-update.win32_1.5.0.202011040924/tools/bin/../lib/gcc/arm-none-eabi/7.3.1/../../../../arm-none-eabi/lib/thumb/v7e-m/fpv5/hard\libc_nano.a(lib_a-exit.o)
                              f:/programas/cubeide/stm32cubeide_1.5.1/stm32cubeide/plugins/com.st.stm32cube.ide.mcu.externaltools.gnu-tools-for-stm32.7-2018-q2-update.win32_1.5.0.202011040924/tools/bin/../lib/gcc/arm-none-eabi/7.3.1/../../../../arm-none-eabi/lib/thumb/v7e-m/fpv5/hard/crt0.o (exit)
f:/programas/cubeide/stm32cubeide_1.5.1/stm32cubeide/plugins/com.st.stm32cube.ide.mcu.externaltools.gnu-tools-for-stm32.7-2018-q2-update.win32_1.5.0.202011040924/tools/bin/../lib/gcc/arm-none-eabi/7.3.1/../../../../arm-none-eabi/lib/thumb/v7e-m/fpv5/hard\libc_nano.a(lib_a-impure.o)
                              f:/programas/cubeide/stm32cubeide_1.5.1/stm32cubeide/plugins/com.st.stm32cube.ide.mcu.externaltools.gnu-tools-for-stm32.7-2018-q2-update.win32_1.5.0.202011040924/tools/bin/../lib/gcc/arm-none-eabi/7.3.1/../../../../arm-none-eabi/lib/thumb/v7e-m/fpv5/hard\libc_nano.a(lib_a-exit.o) (_global_impure_ptr)
f:/programas/cubeide/stm32cubeide_1.5.1/stm32cubeide/plugins/com.st.stm32cube.ide.mcu.externaltools.gnu-tools-for-stm32.7-2018-q2-update.win32_1.5.0.202011040924/tools/bin/../lib/gcc/arm-none-eabi/7.3.1/../../../../arm-none-eabi/lib/thumb/v7e-m/fpv5/hard\libc_nano.a(lib_a-init.o)
                              f:/programas/cubeide/stm32cubeide_1.5.1/stm32cubeide/plugins/com.st.stm32cube.ide.mcu.externaltools.gnu-tools-for-stm32.7-2018-q2-update.win32_1.5.0.202011040924/tools/bin/../lib/gcc/arm-none-eabi/7.3.1/../../../../arm-none-eabi/lib/thumb/v7e-m/fpv5/hard/crt0.o (__libc_init_array)
f:/programas/cubeide/stm32cubeide_1.5.1/stm32cubeide/plugins/com.st.stm32cube.ide.mcu.externaltools.gnu-tools-for-stm32.7-2018-q2-update.win32_1.5.0.202011040924/tools/bin/../lib/gcc/arm-none-eabi/7.3.1/../../../../arm-none-eabi/lib/thumb/v7e-m/fpv5/hard\libc_nano.a(lib_a-malloc.o)
                              Core/Src/MLX90621_BG.o (malloc)
f:/programas/cubeide/stm32cubeide_1.5.1/stm32cubeide/plugins/com.st.stm32cube.ide.mcu.externaltools.gnu-tools-for-stm32.7-2018-q2-update.win32_1.5.0.202011040924/tools/bin/../lib/gcc/arm-none-eabi/7.3.1/../../../../arm-none-eabi/lib/thumb/v7e-m/fpv5/hard\libc_nano.a(lib_a-memcpy-stub.o)
                              Core/Src/MLX90621_BG.o (memcpy)
f:/programas/cubeide/stm32cubeide_1.5.1/stm32cubeide/plugins/com.st.stm32cube.ide.mcu.externaltools.gnu-tools-for-stm32.7-2018-q2-update.win32_1.5.0.202011040924/tools/bin/../lib/gcc/arm-none-eabi/7.3.1/../../../../arm-none-eabi/lib/thumb/v7e-m/fpv5/hard\libc_nano.a(lib_a-memset.o)
                              f:/programas/cubeide/stm32cubeide_1.5.1/stm32cubeide/plugins/com.st.stm32cube.ide.mcu.externaltools.gnu-tools-for-stm32.7-2018-q2-update.win32_1.5.0.202011040924/tools/bin/../lib/gcc/arm-none-eabi/7.3.1/../../../../arm-none-eabi/lib/thumb/v7e-m/fpv5/hard/crt0.o (memset)
f:/programas/cubeide/stm32cubeide_1.5.1/stm32cubeide/plugins/com.st.stm32cube.ide.mcu.externaltools.gnu-tools-for-stm32.7-2018-q2-update.win32_1.5.0.202011040924/tools/bin/../lib/gcc/arm-none-eabi/7.3.1/../../../../arm-none-eabi/lib/thumb/v7e-m/fpv5/hard\libc_nano.a(lib_a-nano-freer.o)
                              f:/programas/cubeide/stm32cubeide_1.5.1/stm32cubeide/plugins/com.st.stm32cube.ide.mcu.externaltools.gnu-tools-for-stm32.7-2018-q2-update.win32_1.5.0.202011040924/tools/bin/../lib/gcc/arm-none-eabi/7.3.1/../../../../arm-none-eabi/lib/thumb/v7e-m/fpv5/hard\libc_nano.a(lib_a-malloc.o) (_free_r)
f:/programas/cubeide/stm32cubeide_1.5.1/stm32cubeide/plugins/com.st.stm32cube.ide.mcu.externaltools.gnu-tools-for-stm32.7-2018-q2-update.win32_1.5.0.202011040924/tools/bin/../lib/gcc/arm-none-eabi/7.3.1/../../../../arm-none-eabi/lib/thumb/v7e-m/fpv5/hard\libc_nano.a(lib_a-nano-mallocr.o)
                              f:/programas/cubeide/stm32cubeide_1.5.1/stm32cubeide/plugins/com.st.stm32cube.ide.mcu.externaltools.gnu-tools-for-stm32.7-2018-q2-update.win32_1.5.0.202011040924/tools/bin/../lib/gcc/arm-none-eabi/7.3.1/../../../../arm-none-eabi/lib/thumb/v7e-m/fpv5/hard\libc_nano.a(lib_a-malloc.o) (_malloc_r)
f:/programas/cubeide/stm32cubeide_1.5.1/stm32cubeide/plugins/com.st.stm32cube.ide.mcu.externaltools.gnu-tools-for-stm32.7-2018-q2-update.win32_1.5.0.202011040924/tools/bin/../lib/gcc/arm-none-eabi/7.3.1/../../../../arm-none-eabi/lib/thumb/v7e-m/fpv5/hard\libc_nano.a(lib_a-sbrkr.o)
[...]
Memory Configuration

Name             Origin             Length             Attributes
DTCMRAM          0x0000000020000000 0x0000000000020000 xrw
ITCMRAM          0x0000000000000000 0x0000000000010000 xrw
RAM_D1           0x0000000024000000 0x0000000000080000 xrw
RAM_D2           0x0000000030000000 0x0000000000048000 xrw
RAM_D3           0x0000000038000000 0x0000000000010000 xrw
FLASH            0x0000000008000000 0x0000000000200000 xr
*default*        0x0000000000000000 0xffffffffffffffff

Linker script and memory map

LOAD f:/programas/cubeide/stm32cubeide_1.5.1/stm32cubeide/plugins/com.st.stm32cube.ide.mcu.externaltools.gnu-tools-for-stm32.7-2018-q2-update.win32_1.5.0.202011040924/tools/bin/../lib/gcc/arm-none-eabi/7.3.1/thumb/v7e-m/fpv5/hard/crti.o
LOAD f:/programas/cubeide/stm32cubeide_1.5.1/stm32cubeide/plugins/com.st.stm32cube.ide.mcu.externaltools.gnu-tools-for-stm32.7-2018-q2-update.win32_1.5.0.202011040924/tools/bin/../lib/gcc/arm-none-eabi/7.3.1/thumb/v7e-m/fpv5/hard/crtbegin.o
LOAD f:/programas/cubeide/stm32cubeide_1.5.1/stm32cubeide/plugins/com.st.stm32cube.ide.mcu.externaltools.gnu-tools-for-stm32.7-2018-q2-update.win32_1.5.0.202011040924/tools/bin/../lib/gcc/arm-none-eabi/7.3.1/../../../../arm-none-eabi/lib/thumb/v7e-m/fpv5/hard/crt0.o
LOAD Core/Src/MLX90621_BG.o
LOAD Core/Src/eth.o
LOAD Core/Src/gpio.o
LOAD Core/Src/i2c.o
LOAD Core/Src/main.o
LOAD Core/Src/stm32h7xx_hal_msp.o
LOAD Core/Src/stm32h7xx_it.o
LOAD Core/Src/syscalls.o
LOAD Core/Src/sysmem.o
LOAD Core/Src/system_stm32h7xx.o
LOAD Core/Src/usart.o
LOAD Core/Src/usb_otg.o
LOAD Core/Startup/startup_stm32h743zitx.o
LOAD Drivers/STM32H7xx_HAL_Driver/Src/stm32h7xx_hal.o
LOAD Drivers/STM32H7xx_HAL_Driver/Src/stm32h7xx_hal_cortex.o
LOAD Drivers/STM32H7xx_HAL_Driver/Src/stm32h7xx_hal_dma.o
LOAD Drivers/STM32H7xx_HAL_Driver/Src/stm32h7xx_hal_dma_ex.o
LOAD Drivers/STM32H7xx_HAL_Driver/Src/stm32h7xx_hal_eth.o
LOAD Drivers/STM32H7xx_HAL_Driver/Src/stm32h7xx_hal_eth_ex.o
LOAD Drivers/STM32H7xx_HAL_Driver/Src/stm32h7xx_hal_exti.o
LOAD Drivers/STM32H7xx_HAL_Driver/Src/stm32h7xx_hal_flash.o
LOAD Drivers/STM32H7xx_HAL_Driver/Src/stm32h7xx_hal_flash_ex.o
LOAD Drivers/STM32H7xx_HAL_Driver/Src/stm32h7xx_hal_gpio.o
LOAD Drivers/STM32H7xx_HAL_Driver/Src/stm32h7xx_hal_hsem.o
LOAD Drivers/STM32H7xx_HAL_Driver/Src/stm32h7xx_hal_i2c.o
LOAD Drivers/STM32H7xx_HAL_Driver/Src/stm32h7xx_hal_i2c_ex.o
LOAD Drivers/STM32H7xx_HAL_Driver/Src/stm32h7xx_hal_mdma.o
LOAD Drivers/STM32H7xx_HAL_Driver/Src/stm32h7xx_hal_pcd.o
LOAD Drivers/STM32H7xx_HAL_Driver/Src/stm32h7xx_hal_pcd_ex.o
LOAD Drivers/STM32H7xx_HAL_Driver/Src/stm32h7xx_hal_pwr.o
LOAD Drivers/STM32H7xx_HAL_Driver/Src/stm32h7xx_hal_pwr_ex.o
LOAD Drivers/STM32H7xx_HAL_Driver/Src/stm32h7xx_hal_rcc.o
LOAD Drivers/STM32H7xx_HAL_Driver/Src/stm32h7xx_hal_rcc_ex.o
LOAD Drivers/STM32H7xx_HAL_Driver/Src/stm32h7xx_hal_tim.o
LOAD Drivers/STM32H7xx_HAL_Driver/Src/stm32h7xx_hal_tim_ex.o
LOAD Drivers/STM32H7xx_HAL_Driver/Src/stm32h7xx_hal_uart.o
LOAD Drivers/STM32H7xx_HAL_Driver/Src/stm32h7xx_hal_uart_ex.o
LOAD Drivers/STM32H7xx_HAL_Driver/Src/stm32h7xx_ll_usb.o
START GROUP
LOAD f:/programas/cubeide/stm32cubeide_1.5.1/stm32cubeide/plugins/com.st.stm32cube.ide.mcu.externaltools.gnu-tools-for-stm32.7-2018-q2-update.win32_1.5.0.202011040924/tools/bin/../lib/gcc/arm-none-eabi/7.3.1/../../../../arm-none-eabi/lib/thumb/v7e-m/fpv5/hard\libc_nano.a
LOAD f:/programas/cubeide/stm32cubeide_1.5.1/stm32cubeide/plugins/com.st.stm32cube.ide.mcu.externaltools.gnu-tools-for-stm32.7-2018-q2-update.win32_1.5.0.202011040924/tools/bin/../lib/gcc/arm-none-eabi/7.3.1/../../../../arm-none-eabi/lib/thumb/v7e-m/fpv5/hard\libm.a
END GROUP
START GROUP
LOAD f:/programas/cubeide/stm32cubeide_1.5.1/stm32cubeide/plugins/com.st.stm32cube.ide.mcu.externaltools.gnu-tools-for-stm32.7-2018-q2-update.win32_1.5.0.202011040924/tools/bin/../lib/gcc/arm-none-eabi/7.3.1/thumb/v7e-m/fpv5/hard\libgcc.a
LOAD f:/programas/cubeide/stm32cubeide_1.5.1/stm32cubeide/plugins/com.st.stm32cube.ide.mcu.externaltools.gnu-tools-for-stm32.7-2018-q2-update.win32_1.5.0.202011040924/tools/bin/../lib/gcc/arm-none-eabi/7.3.1/../../../../arm-none-eabi/lib/thumb/v7e-m/fpv5/hard\libc_nano.a
END GROUP
START GROUP
LOAD f:/programas/cubeide/stm32cubeide_1.5.1/stm32cubeide/plugins/com.st.stm32cube.ide.mcu.externaltools.gnu-tools-for-stm32.7-2018-q2-update.win32_1.5.0.202011040924/tools/bin/../lib/gcc/arm-none-eabi/7.3.1/thumb/v7e-m/fpv5/hard\libgcc.a
LOAD f:/programas/cubeide/stm32cubeide_1.5.1/stm32cubeide/plugins/com.st.stm32cube.ide.mcu.externaltools.gnu-tools-for-stm32.7-2018-q2-update.win32_1.5.0.202011040924/tools/bin/../lib/gcc/arm-none-eabi/7.3.1/../../../../arm-none-eabi/lib/thumb/v7e-m/fpv5/hard\libc_nano.a
LOAD f:/programas/cubeide/stm32cubeide_1.5.1/stm32cubeide/plugins/com.st.stm32cube.ide.mcu.externaltools.gnu-tools-for-stm32.7-2018-q2-update.win32_1.5.0.202011040924/tools/bin/../lib/gcc/arm-none-eabi/7.3.1/../../../../arm-none-eabi/lib/thumb/v7e-m/fpv5/hard\libnosys.a
END GROUP
START GROUP
LOAD f:/programas/cubeide/stm32cubeide_1.5.1/stm32cubeide/plugins/com.st.stm32cube.ide.mcu.externaltools.gnu-tools-for-stm32.7-2018-q2-update.win32_1.5.0.202011040924/tools/bin/../lib/gcc/arm-none-eabi/7.3.1/thumb/v7e-m/fpv5/hard\libgcc.a
LOAD f:/programas/cubeide/stm32cubeide_1.5.1/stm32cubeide/plugins/com.st.stm32cube.ide.mcu.externaltools.gnu-tools-for-stm32.7-2018-q2-update.win32_1.5.0.202011040924/tools/bin/../lib/gcc/arm-none-eabi/7.3.1/../../../../arm-none-eabi/lib/thumb/v7e-m/fpv5/hard\libc_nano.a
LOAD f:/programas/cubeide/stm32cubeide_1.5.1/stm32cubeide/plugins/com.st.stm32cube.ide.mcu.externaltools.gnu-tools-for-stm32.7-2018-q2-update.win32_1.5.0.202011040924/tools/bin/../lib/gcc/arm-none-eabi/7.3.1/../../../../arm-none-eabi/lib/thumb/v7e-m/fpv5/hard\libnosys.a
END GROUP
LOAD f:/programas/cubeide/stm32cubeide_1.5.1/stm32cubeide/plugins/com.st.stm32cube.ide.mcu.externaltools.gnu-tools-for-stm32.7-2018-q2-update.win32_1.5.0.202011040924/tools/bin/../lib/gcc/arm-none-eabi/7.3.1/thumb/v7e-m/fpv5/hard/crtend.o
LOAD f:/programas/cubeide/stm32cubeide_1.5.1/stm32cubeide/plugins/com.st.stm32cube.ide.mcu.externaltools.gnu-tools-for-stm32.7-2018-q2-update.win32_1.5.0.202011040924/tools/bin/../lib/gcc/arm-none-eabi/7.3.1/thumb/v7e-m/fpv5/hard/crtn.o
                0x0000000024080000                _estack = (ORIGIN (RAM_D1) + LENGTH (RAM_D1))
                0x0000000000000200                _Min_Heap_Size = 0x200
                0x0000000000000400                _Min_Stack_Size = 0x400

.isr_vector     0x0000000008000000      0x298
                0x0000000008000000                . = ALIGN (0x4)
 *(.isr_vector)
 .isr_vector    0x0000000008000000      0x298 Core/Startup/startup_stm32h743zitx.o
                0x0000000008000000                g_pfnVectors
                0x0000000008000298                . = ALIGN (0x4)

.text           0x00000000080002a0     0x9194
                0x00000000080002a0                . = ALIGN (0x4)
 *(.text)
 .text          0x00000000080002a0       0x40 f:/programas/cubeide/stm32cubeide_1.5.1/stm32cubeide/plugins/com.st.stm32cube.ide.mcu.externaltools.gnu-tools-for-stm32.7-2018-q2-update.win32_1.5.0.202011040924/tools/bin/../lib/gcc/arm-none-eabi/7.3.1/thumb/v7e-m/fpv5/hard/crtbegin.o
 .text          0x00000000080002e0       0xa0 f:/programas/cubeide/stm32cubeide_1.5.1/stm32cubeide/plugins/com.st.stm32cube.ide.mcu.externaltools.gnu-tools-for-stm32.7-2018-q2-update.win32_1.5.0.202011040924/tools/bin/../lib/gcc/arm-none-eabi/7.3.1/../../../../arm-none-eabi/lib/thumb/v7e-m/fpv5/hard\libc_nano.a(lib_a-memchr.o)
                0x00000000080002e0                memchr
 .text          0x0000000008000380       0x30 f:/programas/cubeide/stm32cubeide_1.5.1/stm32cubeide/plugins/com.st.stm32cube.ide.mcu.externaltools.gnu-tools-for-stm32.7-2018-q2-update.win32_1.5.0.202011040924/tools/bin/../lib/gcc/arm-none-eabi/7.3.1/thumb/v7e-m/fpv5/hard\libgcc.a(_aeabi_uldivmod.o)
                0x0000000008000380                __aeabi_uldivmod
 .text          0x00000000080003b0      0x2cc f:/programas/cubeide/stm32cubeide_1.5.1/stm32cubeide/plugins/com.st.stm32cube.ide.mcu.externaltools.gnu-tools-for-stm32.7-2018-q2-update.win32_1.5.0.202011040924/tools/bin/../lib/gcc/arm-none-eabi/7.3.1/thumb/v7e-m/fpv5/hard\libgcc.a(_udivmoddi4.o)
                0x00000000080003b0                __udivmoddi4
 .text          0x000000000800067c        0x4 f:/programas/cubeide/stm32cubeide_1.5.1/stm32cubeide/plugins/com.st.stm32cube.ide.mcu.externaltools.gnu-tools-for-stm32.7-2018-q2-update.win32_1.5.0.202011040924/tools/bin/../lib/gcc/arm-none-eabi/7.3.1/thumb/v7e-m/fpv5/hard\libgcc.a(_dvmd_tls.o)
                0x000000000800067c                __aeabi_idiv0
                0x000000000800067c                __aeabi_ldiv0
 *(.text*)
 .text.readConfig
                0x0000000008000680       0x68 Core/Src/MLX90621_BG.o
                0x0000000008000680                readConfig
 .text.setConfiguration
                0x00000000080006e8      0x130 Core/Src/MLX90621_BG.o
                0x00000000080006e8                setConfiguration
 .text.MLX_Init
                0x0000000008000818      0x31c Core/Src/MLX90621_BG.o
                0x0000000008000818                MLX_Init
 .text.MLX_Read_IT
                0x0000000008000b34      0x144 Core/Src/MLX90621_BG.o
                0x0000000008000b34                MLX_Read_IT
 .text.Calc_Ta  0x0000000008000c78      0x1aa Core/Src/MLX90621_BG.o
                0x0000000008000c78                Calc_Ta
 *fill*         0x0000000008000e22        0x6 
 .text.Calc_Vir_Compensated
                0x0000000008000e28      0x2e0 Core/Src/MLX90621_BG.o
                0x0000000008000e28                Calc_Vir_Compensated
 .text.Calc_Alpha_Compensated
                0x0000000008001108      0x1e0 Core/Src/MLX90621_BG.o
                0x0000000008001108                Calc_Alpha_Compensated
 .text.Calc_Ks4
                0x00000000080012e8       0x58 Core/Src/MLX90621_BG.o
                0x00000000080012e8                Calc_Ks4
 .text.MLX_CalcTemp
                0x0000000008001340      0x148 Core/Src/MLX90621_BG.o
                0x0000000008001340                MLX_CalcTemp
 .text.MX_ETH_Init
                0x0000000008001488       0xa4 Core/Src/eth.o
                0x0000000008001488                MX_ETH_Init
 .text.HAL_ETH_MspInit
                0x000000000800152c      0x19c Core/Src/eth.o
                0x000000000800152c                HAL_ETH_MspInit
 .text.MX_GPIO_Init
                0x00000000080016c8      0x1b8 Core/Src/gpio.o
                0x00000000080016c8                MX_GPIO_Init
 .text.MX_I2C2_Init
                0x0000000008001880       0x80 Core/Src/i2c.o
                0x0000000008001880                MX_I2C2_Init
 .text.HAL_I2C_MspInit
                0x0000000008001900       0x94 Core/Src/i2c.o
                0x0000000008001900                HAL_I2C_MspInit
 .text.UART_print
                0x0000000008001994       0x58 Core/Src/main.o
                0x0000000008001994                UART_print
 .text.main     0x00000000080019ec      0x128 Core/Src/main.o
                0x00000000080019ec                main
 .text.SystemClock_Config
                0x0000000008001b14      0x184 Core/Src/main.o
                0x0000000008001b14                SystemClock_Config
 .text.Error_Handler
                0x0000000008001c98        0x8 Core/Src/main.o
                0x0000000008001c98                Error_Handler
 .text.HAL_MspInit
                0x0000000008001ca0       0x34 Core/Src/stm32h7xx_hal_msp.o
                0x0000000008001ca0                HAL_MspInit
 .text.NMI_Handler
                0x0000000008001cd4        0x6 Core/Src/stm32h7xx_it.o
                0x0000000008001cd4                NMI_Handler
 .text.HardFault_Handler
                0x0000000008001cda        0x6 Core/Src/stm32h7xx_it.o
                0x0000000008001cda                HardFault_Handler
 .text.MemManage_Handler
                0x0000000008001ce0        0x6 Core/Src/stm32h7xx_it.o
                0x0000000008001ce0                MemManage_Handler
 .text.BusFault_Handler
                0x0000000008001ce6        0x6 Core/Src/stm32h7xx_it.o
                0x0000000008001ce6                BusFault_Handler
 .text.UsageFault_Handler
                0x0000000008001cec        0x6 Core/Src/stm32h7xx_it.o
                0x0000000008001cec                UsageFault_Handler
 .text.SVC_Handler
                0x0000000008001cf2        0xe Core/Src/stm32h7xx_it.o
                0x0000000008001cf2                SVC_Handler
 .text.DebugMon_Handler
                0x0000000008001d00        0xe Core/Src/stm32h7xx_it.o
                0x0000000008001d00                DebugMon_Handler
 .text.PendSV_Handler
                0x0000000008001d0e        0xe Core/Src/stm32h7xx_it.o
                0x0000000008001d0e                PendSV_Handler
 .text.SysTick_Handler
                0x0000000008001d1c        0xc Core/Src/stm32h7xx_it.o
                0x0000000008001d1c                SysTick_Handler
 .text._sbrk    0x0000000008001d28       0x6c Core/Src/sysmem.o
                0x0000000008001d28                _sbrk
 .text.SystemInit
                0x0000000008001d94      0x118 Core/Src/system_stm32h7xx.o
                0x0000000008001d94                SystemInit
 .text.MX_UART4_Init
                0x0000000008001eac       0x98 Core/Src/usart.o
                0x0000000008001eac                MX_UART4_Init
 .text.MX_USART3_UART_Init
                0x0000000008001f44       0x98 Core/Src/usart.o
                0x0000000008001f44                MX_USART3_UART_Init
 .text.HAL_UART_MspInit
                0x0000000008001fdc      0x144 Core/Src/usart.o
                0x0000000008001fdc                HAL_UART_MspInit
 .text.MX_USB_OTG_FS_PCD_Init
                0x0000000008002120       0x64 Core/Src/usb_otg.o
                0x0000000008002120                MX_USB_OTG_FS_PCD_Init
 .text.HAL_PCD_MspInit
                0x0000000008002184       0xb0 Core/Src/usb_otg.o
                0x0000000008002184                HAL_PCD_MspInit
 .text.Reset_Handler
                0x0000000008002234       0x50 Core/Startup/startup_stm32h743zitx.o
                0x0000000008002234                Reset_Handler
 .text.Default_Handler
                0x0000000008002284        0x2 Core/Startup/startup_stm32h743zitx.o
                0x0000000008002284                RTC_Alarm_IRQHandler
                0x0000000008002284                EXTI2_IRQHandler
                0x0000000008002284                TIM8_CC_IRQHandler
                0x0000000008002284                HRTIM1_Master_IRQHandler
                0x0000000008002284                UART8_IRQHandler
                0x0000000008002284                SPI4_IRQHandler
                0x0000000008002284                TIM1_CC_IRQHandler
                0x0000000008002284                BDMA_Channel6_IRQHandler
                0x0000000008002284                DMA2_Stream5_IRQHandler
                0x0000000008002284                HRTIM1_FLT_IRQHandler
                0x0000000008002284                JPEG_IRQHandler
                0x0000000008002284                DMA1_Stream5_IRQHandler
                0x0000000008002284                BDMA_Channel1_IRQHandler
                0x0000000008002284                HRTIM1_TIMD_IRQHandler
                0x0000000008002284                TAMP_STAMP_IRQHandler
                0x0000000008002284                EXTI3_IRQHandler
                0x0000000008002284                LPTIM4_IRQHandler
                0x0000000008002284                TIM8_TRG_COM_TIM14_IRQHandler
                0x0000000008002284                LPTIM2_IRQHandler
                0x0000000008002284                DFSDM1_FLT1_IRQHandler
                0x0000000008002284                DMAMUX2_OVR_IRQHandler
                0x0000000008002284                TIM8_UP_TIM13_IRQHandler
                0x0000000008002284                I2C3_ER_IRQHandler
                0x0000000008002284                DFSDM1_FLT2_IRQHandler
                0x0000000008002284                MDMA_IRQHandler
                0x0000000008002284                LPTIM3_IRQHandler
                0x0000000008002284                HSEM1_IRQHandler
                0x0000000008002284                EXTI0_IRQHandler
                0x0000000008002284                I2C2_EV_IRQHandler
                0x0000000008002284                DMA1_Stream2_IRQHandler
                0x0000000008002284                FPU_IRQHandler
                0x0000000008002284                OTG_HS_WKUP_IRQHandler
                0x0000000008002284                FDCAN1_IT1_IRQHandler
                0x0000000008002284                LTDC_ER_IRQHandler
                0x0000000008002284                DMA2_Stream2_IRQHandler
                0x0000000008002284                HRTIM1_TIME_IRQHandler
                0x0000000008002284                SPI1_IRQHandler
                0x0000000008002284                TIM6_DAC_IRQHandler
                0x0000000008002284                DCMI_IRQHandler
                0x0000000008002284                HRTIM1_TIMC_IRQHandler
                0x0000000008002284                DMA2_Stream3_IRQHandler
                0x0000000008002284                SAI2_IRQHandler
                0x0000000008002284                DFSDM1_FLT3_IRQHandler
                0x0000000008002284                USART6_IRQHandler
                0x0000000008002284                TIM17_IRQHandler
                0x0000000008002284                USART3_IRQHandler
                0x0000000008002284                BDMA_Channel7_IRQHandler
                0x0000000008002284                LPTIM5_IRQHandler
                0x0000000008002284                UART5_IRQHandler
                0x0000000008002284                ADC3_IRQHandler
                0x0000000008002284                DMA2_Stream0_IRQHandler
                0x0000000008002284                TIM4_IRQHandler
                0x0000000008002284                BDMA_Channel2_IRQHandler
                0x0000000008002284                QUADSPI_IRQHandler
                0x0000000008002284                I2C1_EV_IRQHandler
                0x0000000008002284                DMA1_Stream6_IRQHandler
                0x0000000008002284                DMAMUX1_OVR_IRQHandler
                0x0000000008002284                DMA1_Stream1_IRQHandler
                0x0000000008002284                TIM16_IRQHandler
                0x0000000008002284                UART4_IRQHandler
                0x0000000008002284                BDMA_Channel5_IRQHandler
                0x0000000008002284                TIM3_IRQHandler
                0x0000000008002284                RCC_IRQHandler
                0x0000000008002284                TIM8_BRK_TIM12_IRQHandler
                0x0000000008002284                TIM1_TRG_COM_IRQHandler
                0x0000000008002284                Default_Handler
                0x0000000008002284                ECC_IRQHandler
                0x0000000008002284                CEC_IRQHandler
                0x0000000008002284                EXTI15_10_IRQHandler
                0x0000000008002284                BDMA_Channel0_IRQHandler
                0x0000000008002284                ADC_IRQHandler
                0x0000000008002284                DMA1_Stream7_IRQHandler
                0x0000000008002284                HRTIM1_TIMA_IRQHandler
                0x0000000008002284                SPI5_IRQHandler
                0x0000000008002284                TIM7_IRQHandler
                0x0000000008002284                SDMMC1_IRQHandler
                0x0000000008002284                TIM5_IRQHandler
                0x0000000008002284                DMA2_Stream7_IRQHandler
                0x0000000008002284                TIM15_IRQHandler
                0x0000000008002284                PVD_AVD_IRQHandler
                0x0000000008002284                I2C3_EV_IRQHandler
                0x0000000008002284                EXTI9_5_IRQHandler
                0x0000000008002284                RTC_WKUP_IRQHandler
                0x0000000008002284                LTDC_IRQHandler
                0x0000000008002284                SAI3_IRQHandler
                0x0000000008002284                ETH_WKUP_IRQHandler
                0x0000000008002284                SPDIF_RX_IRQHandler
                0x0000000008002284                SPI2_IRQHandler
                0x0000000008002284                OTG_HS_EP1_IN_IRQHandler
                0x0000000008002284                DMA1_Stream0_IRQHandler
                0x0000000008002284                CRS_IRQHandler
                0x0000000008002284                EXTI4_IRQHandler
                0x0000000008002284                RNG_IRQHandler
                0x0000000008002284                HRTIM1_TIMB_IRQHandler
                0x0000000008002284                FDCAN2_IT1_IRQHandler
                0x0000000008002284                ETH_IRQHandler
                0x0000000008002284                TIM1_UP_IRQHandler
                0x0000000008002284                BDMA_Channel4_IRQHandler
                0x0000000008002284                OTG_HS_EP1_OUT_IRQHandler
                0x0000000008002284                WWDG_IRQHandler
                0x0000000008002284                SPI6_IRQHandler
                0x0000000008002284                MDIOS_IRQHandler
                0x0000000008002284                I2C4_EV_IRQHandler
                0x0000000008002284                FDCAN2_IT0_IRQHandler
                0x0000000008002284                LPUART1_IRQHandler
                0x0000000008002284                FDCAN1_IT0_IRQHandler
                0x0000000008002284                TIM2_IRQHandler
                0x0000000008002284                OTG_FS_WKUP_IRQHandler
                0x0000000008002284                OTG_HS_IRQHandler
                0x0000000008002284                DMA2D_IRQHandler
                0x0000000008002284                TIM1_BRK_IRQHandler
                0x0000000008002284                EXTI1_IRQHandler
                0x0000000008002284                SDMMC2_IRQHandler
                0x0000000008002284                OTG_FS_EP1_OUT_IRQHandler
                0x0000000008002284                BDMA_Channel3_IRQHandler
                0x0000000008002284                UART7_IRQHandler
                0x0000000008002284                MDIOS_WKUP_IRQHandler
                0x0000000008002284                USART2_IRQHandler
                0x0000000008002284                DFSDM1_FLT0_IRQHandler
                0x0000000008002284                SAI4_IRQHandler
                0x0000000008002284                I2C2_ER_IRQHandler
                0x0000000008002284                DMA2_Stream1_IRQHandler
                0x0000000008002284                FLASH_IRQHandler
                0x0000000008002284                DMA2_Stream4_IRQHandler
                0x0000000008002284                USART1_IRQHandler
                0x0000000008002284                OTG_FS_IRQHandler
                0x0000000008002284                SPI3_IRQHandler
                0x0000000008002284                WAKEUP_PIN_IRQHandler
                0x0000000008002284                DMA1_Stream4_IRQHandler
                0x0000000008002284                OTG_FS_EP1_IN_IRQHandler
                0x0000000008002284                I2C1_ER_IRQHandler
                0x0000000008002284                FMC_IRQHandler
                0x0000000008002284                FDCAN_CAL_IRQHandler
                0x0000000008002284                SWPMI1_IRQHandler
                0x0000000008002284                COMP1_IRQHandler
                0x0000000008002284                LPTIM1_IRQHandler
                0x0000000008002284                I2C4_ER_IRQHandler
                0x0000000008002284                DMA2_Stream6_IRQHandler
                0x0000000008002284                SAI1_IRQHandler
                0x0000000008002284                DMA1_Stream3_IRQHandler
 *fill*         0x0000000008002286        0x2 
 .text.HAL_Init
                0x0000000008002288       0x78 Drivers/STM32H7xx_HAL_Driver/Src/stm32h7xx_hal.o
                0x0000000008002288                HAL_Init
 .text.HAL_InitTick
                0x0000000008002300       0x6c Drivers/STM32H7xx_HAL_Driver/Src/stm32h7xx_hal.o
                0x0000000008002300                HAL_InitTick
 .text.HAL_IncTick
                0x000000000800236c       0x28 Drivers/STM32H7xx_HAL_Driver/Src/stm32h7xx_hal.o
                0x000000000800236c                HAL_IncTick
 .text.HAL_GetTick
                0x0000000008002394       0x18 Drivers/STM32H7xx_HAL_Driver/Src/stm32h7xx_hal.o
                0x0000000008002394                HAL_GetTick
 .text.HAL_Delay
                0x00000000080023ac       0x44 Drivers/STM32H7xx_HAL_Driver/Src/stm32h7xx_hal.o
                0x00000000080023ac                HAL_Delay
 .text.HAL_GetREVID
                0x00000000080023f0       0x18 Drivers/STM32H7xx_HAL_Driver/Src/stm32h7xx_hal.o
                0x00000000080023f0                HAL_GetREVID
 .text.HAL_SYSCFG_ETHInterfaceSelect
                0x0000000008002408       0x28 Drivers/STM32H7xx_HAL_Driver/Src/stm32h7xx_hal.o
                0x0000000008002408                HAL_SYSCFG_ETHInterfaceSelect
 .text.__NVIC_SetPriorityGrouping
                0x0000000008002430       0x48 Drivers/STM32H7xx_HAL_Driver/Src/stm32h7xx_hal_cortex.o
 .text.__NVIC_GetPriorityGrouping
                0x0000000008002478       0x1c Drivers/STM32H7xx_HAL_Driver/Src/stm32h7xx_hal_cortex.o
 .text.__NVIC_SetPriority
                0x0000000008002494       0x54 Drivers/STM32H7xx_HAL_Driver/Src/stm32h7xx_hal_cortex.o
 .text.NVIC_EncodePriority
                0x00000000080024e8       0x66 Drivers/STM32H7xx_HAL_Driver/Src/stm32h7xx_hal_cortex.o
 *fill*         0x000000000800254e        0x2 
 .text.SysTick_Config
                0x0000000008002550       0x44 Drivers/STM32H7xx_HAL_Driver/Src/stm32h7xx_hal_cortex.o
 .text.HAL_NVIC_SetPriorityGrouping
                0x0000000008002594       0x16 Drivers/STM32H7xx_HAL_Driver/Src/stm32h7xx_hal_cortex.o
                0x0000000008002594                HAL_NVIC_SetPriorityGrouping
 .text.HAL_NVIC_SetPriority
                0x00000000080025aa       0x34 Drivers/STM32H7xx_HAL_Driver/Src/stm32h7xx_hal_cortex.o
                0x00000000080025aa                HAL_NVIC_SetPriority
 .text.HAL_SYSTICK_Config
                0x00000000080025de       0x18 Drivers/STM32H7xx_HAL_Driver/Src/stm32h7xx_hal_cortex.o
                0x00000000080025de                HAL_SYSTICK_Config
 *fill*         0x00000000080025f6        0x2 
 .text.HAL_ETH_Init
                0x00000000080025f8      0x1b4 Drivers/STM32H7xx_HAL_Driver/Src/stm32h7xx_hal_eth.o
                0x00000000080025f8                HAL_ETH_Init
 .text.ETH_SetMACConfig
                0x00000000080027ac      0x238 Drivers/STM32H7xx_HAL_Driver/Src/stm32h7xx_hal_eth.o
 .text.ETH_SetDMAConfig
                0x00000000080029e4      0x10c Drivers/STM32H7xx_HAL_Driver/Src/stm32h7xx_hal_eth.o
 .text.ETH_MACDMAConfig
                0x0000000008002af0      0x13a Drivers/STM32H7xx_HAL_Driver/Src/stm32h7xx_hal_eth.o
 *fill*         0x0000000008002c2a        0x2 
 .text.ETH_MAC_MDIO_ClkConfig
                0x0000000008002c2c       0xb0 Drivers/STM32H7xx_HAL_Driver/Src/stm32h7xx_hal_eth.o
 .text.ETH_DMATxDescListInit
                0x0000000008002cdc       0x8e Drivers/STM32H7xx_HAL_Driver/Src/stm32h7xx_hal_eth.o
 .text.ETH_DMARxDescListInit
                0x0000000008002d6a       0xba Drivers/STM32H7xx_HAL_Driver/Src/stm32h7xx_hal_eth.o
 .text.HAL_GPIO_Init
                0x0000000008002e24      0x360 Drivers/STM32H7xx_HAL_Driver/Src/stm32h7xx_hal_gpio.o
                0x0000000008002e24                HAL_GPIO_Init
 .text.HAL_GPIO_WritePin
                0x0000000008003184       0x32 Drivers/STM32H7xx_HAL_Driver/Src/stm32h7xx_hal_gpio.o
                0x0000000008003184                HAL_GPIO_WritePin
 .text.HAL_GPIO_TogglePin
                0x00000000080031b6       0x36 Drivers/STM32H7xx_HAL_Driver/Src/stm32h7xx_hal_gpio.o
                0x00000000080031b6                HAL_GPIO_TogglePin
 .text.HAL_I2C_Init
                0x00000000080031ec      0x120 Drivers/STM32H7xx_HAL_Driver/Src/stm32h7xx_hal_i2c.o
                0x00000000080031ec                HAL_I2C_Init
 .text.HAL_I2C_Master_Transmit
                0x000000000800330c      0x1e8 Drivers/STM32H7xx_HAL_Driver/Src/stm32h7xx_hal_i2c.o
                0x000000000800330c                HAL_I2C_Master_Transmit
 .text.I2C_RequestMemoryRead2
                0x00000000080034f4      0x11c Drivers/STM32H7xx_HAL_Driver/Src/stm32h7xx_hal_i2c.o
 .text.HAL_I2C_Mem_Read2
                0x0000000008003610      0x230 Drivers/STM32H7xx_HAL_Driver/Src/stm32h7xx_hal_i2c.o
                0x0000000008003610                HAL_I2C_Mem_Read2
 .text.HAL_I2C_Mem_Read
                0x0000000008003840      0x234 Drivers/STM32H7xx_HAL_Driver/Src/stm32h7xx_hal_i2c.o
                0x0000000008003840                HAL_I2C_Mem_Read
 .text.I2C_RequestMemoryRead
                0x0000000008003a74       0xa8 Drivers/STM32H7xx_HAL_Driver/Src/stm32h7xx_hal_i2c.o
 .text.I2C_Flush_TXDR
                0x0000000008003b1c       0x48 Drivers/STM32H7xx_HAL_Driver/Src/stm32h7xx_hal_i2c.o
 .text.I2C_WaitOnFlagUntilTimeout
                0x0000000008003b64       0x80 Drivers/STM32H7xx_HAL_Driver/Src/stm32h7xx_hal_i2c.o
 .text.I2C_WaitOnTXISFlagUntilTimeout
                0x0000000008003be4       0x80 Drivers/STM32H7xx_HAL_Driver/Src/stm32h7xx_hal_i2c.o
 .text.I2C_WaitOnSTOPFlagUntilTimeout
                0x0000000008003c64       0x78 Drivers/STM32H7xx_HAL_Driver/Src/stm32h7xx_hal_i2c.o
 .text.I2C_IsAcknowledgeFailed
                0x0000000008003cdc       0xcc Drivers/STM32H7xx_HAL_Driver/Src/stm32h7xx_hal_i2c.o
 .text.I2C_TransferConfig
                0x0000000008003da8       0x5c Drivers/STM32H7xx_HAL_Driver/Src/stm32h7xx_hal_i2c.o
 .text.HAL_I2CEx_ConfigAnalogFilter
                0x0000000008003e04       0x96 Drivers/STM32H7xx_HAL_Driver/Src/stm32h7xx_hal_i2c_ex.o
                0x0000000008003e04                HAL_I2CEx_ConfigAnalogFilter
 .text.HAL_I2CEx_ConfigDigitalFilter
                0x0000000008003e9a       0x98 Drivers/STM32H7xx_HAL_Driver/Src/stm32h7xx_hal_i2c_ex.o
                0x0000000008003e9a                HAL_I2CEx_ConfigDigitalFilter
 .text.HAL_PCD_Init
                0x0000000008003f32      0x248 Drivers/STM32H7xx_HAL_Driver/Src/stm32h7xx_hal_pcd.o
                0x0000000008003f32                HAL_PCD_Init
 *fill*         0x000000000800417a        0x2 
 .text.HAL_PCDEx_ActivateLPM
                0x000000000800417c       0x48 Drivers/STM32H7xx_HAL_Driver/Src/stm32h7xx_hal_pcd_ex.o
                0x000000000800417c                HAL_PCDEx_ActivateLPM
 .text.HAL_PWREx_ConfigSupply
                0x00000000080041c4       0x74 Drivers/STM32H7xx_HAL_Driver/Src/stm32h7xx_hal_pwr_ex.o
                0x00000000080041c4                HAL_PWREx_ConfigSupply
 .text.HAL_PWREx_EnableUSBVoltageDetector
                0x0000000008004238       0x20 Drivers/STM32H7xx_HAL_Driver/Src/stm32h7xx_hal_pwr_ex.o
                0x0000000008004238                HAL_PWREx_EnableUSBVoltageDetector
 .text.HAL_RCC_OscConfig
                0x0000000008004258      0x820 Drivers/STM32H7xx_HAL_Driver/Src/stm32h7xx_hal_rcc.o
                0x0000000008004258                HAL_RCC_OscConfig
 .text.HAL_RCC_ClockConfig
                0x0000000008004a78      0x36c Drivers/STM32H7xx_HAL_Driver/Src/stm32h7xx_hal_rcc.o
                0x0000000008004a78                HAL_RCC_ClockConfig
 .text.HAL_RCC_GetSysClockFreq
                0x0000000008004de4      0x2e4 Drivers/STM32H7xx_HAL_Driver/Src/stm32h7xx_hal_rcc.o
                0x0000000008004de4                HAL_RCC_GetSysClockFreq
 .text.HAL_RCC_GetHCLKFreq
                0x00000000080050c8       0x60 Drivers/STM32H7xx_HAL_Driver/Src/stm32h7xx_hal_rcc.o
                0x00000000080050c8                HAL_RCC_GetHCLKFreq
 .text.HAL_RCC_GetPCLK1Freq
                0x0000000008005128       0x2c Drivers/STM32H7xx_HAL_Driver/Src/stm32h7xx_hal_rcc.o
                0x0000000008005128                HAL_RCC_GetPCLK1Freq
 .text.HAL_RCC_GetPCLK2Freq
                0x0000000008005154       0x2c Drivers/STM32H7xx_HAL_Driver/Src/stm32h7xx_hal_rcc.o
                0x0000000008005154                HAL_RCC_GetPCLK2Freq
 .text.HAL_RCCEx_PeriphCLKConfig
                0x0000000008005180      0xddc Drivers/STM32H7xx_HAL_Driver/Src/stm32h7xx_hal_rcc_ex.o
                0x0000000008005180                HAL_RCCEx_PeriphCLKConfig
 .text.HAL_RCCEx_GetD3PCLK1Freq
                0x0000000008005f5c       0x2c Drivers/STM32H7xx_HAL_Driver/Src/stm32h7xx_hal_rcc_ex.o
                0x0000000008005f5c                HAL_RCCEx_GetD3PCLK1Freq
 .text.HAL_RCCEx_GetPLL2ClockFreq
                0x0000000008005f88      0x298 Drivers/STM32H7xx_HAL_Driver/Src/stm32h7xx_hal_rcc_ex.o
                0x0000000008005f88                HAL_RCCEx_GetPLL2ClockFreq
 .text.HAL_RCCEx_GetPLL3ClockFreq
                0x0000000008006220      0x298 Drivers/STM32H7xx_HAL_Driver/Src/stm32h7xx_hal_rcc_ex.o
                0x0000000008006220                HAL_RCCEx_GetPLL3ClockFreq
 .text.RCCEx_PLL2_Config
                0x00000000080064b8      0x164 Drivers/STM32H7xx_HAL_Driver/Src/stm32h7xx_hal_rcc_ex.o
 .text.RCCEx_PLL3_Config
                0x000000000800661c      0x164 Drivers/STM32H7xx_HAL_Driver/Src/stm32h7xx_hal_rcc_ex.o
 .text.HAL_UART_Init
                0x0000000008006780       0xa0 Drivers/STM32H7xx_HAL_Driver/Src/stm32h7xx_hal_uart.o
                0x0000000008006780                HAL_UART_Init
 .text.HAL_UART_Transmit
                0x0000000008006820      0x12c Drivers/STM32H7xx_HAL_Driver/Src/stm32h7xx_hal_uart.o
                0x0000000008006820                HAL_UART_Transmit
 .text.UART_SetConfig
                0x000000000800694c      0xb60 Drivers/STM32H7xx_HAL_Driver/Src/stm32h7xx_hal_uart.o
                0x000000000800694c                UART_SetConfig
 .text.UART_AdvFeatureConfig
                0x00000000080074ac      0x144 Drivers/STM32H7xx_HAL_Driver/Src/stm32h7xx_hal_uart.o
                0x00000000080074ac                UART_AdvFeatureConfig
 .text.UART_CheckIdleState
                0x00000000080075f0       0x90 Drivers/STM32H7xx_HAL_Driver/Src/stm32h7xx_hal_uart.o
                0x00000000080075f0                UART_CheckIdleState
 .text.UART_WaitOnFlagUntilTimeout
                0x0000000008007680      0x100 Drivers/STM32H7xx_HAL_Driver/Src/stm32h7xx_hal_uart.o
                0x0000000008007680                UART_WaitOnFlagUntilTimeout
 .text.HAL_UARTEx_DisableFifoMode
                0x0000000008007780       0x72 Drivers/STM32H7xx_HAL_Driver/Src/stm32h7xx_hal_uart_ex.o
                0x0000000008007780                HAL_UARTEx_DisableFifoMode
 .text.HAL_UARTEx_SetTxFifoThreshold
                0x00000000080077f2       0x7c Drivers/STM32H7xx_HAL_Driver/Src/stm32h7xx_hal_uart_ex.o
                0x00000000080077f2                HAL_UARTEx_SetTxFifoThreshold
 .text.HAL_UARTEx_SetRxFifoThreshold
                0x000000000800786e       0x7c Drivers/STM32H7xx_HAL_Driver/Src/stm32h7xx_hal_uart_ex.o
                0x000000000800786e                HAL_UARTEx_SetRxFifoThreshold
 *fill*         0x00000000080078ea        0x2 
 .text.UARTEx_SetNbDataToProcess
                0x00000000080078ec       0xd0 Drivers/STM32H7xx_HAL_Driver/Src/stm32h7xx_hal_uart_ex.o
 .text.USB_CoreInit
                0x00000000080079bc       0xc4 Drivers/STM32H7xx_HAL_Driver/Src/stm32h7xx_ll_usb.o
                0x00000000080079bc                USB_CoreInit
 .text.USB_DisableGlobalInt
                0x0000000008007a80       0x22 Drivers/STM32H7xx_HAL_Driver/Src/stm32h7xx_ll_usb.o
                0x0000000008007a80                USB_DisableGlobalInt
 .text.USB_SetCurrentMode
                0x0000000008007aa2       0x54 Drivers/STM32H7xx_HAL_Driver/Src/stm32h7xx_ll_usb.o
                0x0000000008007aa2                USB_SetCurrentMode
 *fill*         0x0000000008007af6        0x2 
 .text.USB_DevInit
                0x0000000008007af8      0x2bc Drivers/STM32H7xx_HAL_Driver/Src/stm32h7xx_ll_usb.o
                0x0000000008007af8                USB_DevInit
 .text.USB_FlushTxFifo
                0x0000000008007db4       0x4c Drivers/STM32H7xx_HAL_Driver/Src/stm32h7xx_ll_usb.o
                0x0000000008007db4                USB_FlushTxFifo
 .text.USB_FlushRxFifo
                0x0000000008007e00       0x44 Drivers/STM32H7xx_HAL_Driver/Src/stm32h7xx_ll_usb.o
                0x0000000008007e00                USB_FlushRxFifo
 .text.USB_SetDevSpeed
                0x0000000008007e44       0x32 Drivers/STM32H7xx_HAL_Driver/Src/stm32h7xx_ll_usb.o
                0x0000000008007e44                USB_SetDevSpeed
 .text.USB_DevDisconnect
                0x0000000008007e76       0x30 Drivers/STM32H7xx_HAL_Driver/Src/stm32h7xx_ll_usb.o
                0x0000000008007e76                USB_DevDisconnect
 *fill*         0x0000000008007ea6        0x2 
 .text.USB_CoreReset
                0x0000000008007ea8       0x68 Drivers/STM32H7xx_HAL_Driver/Src/stm32h7xx_ll_usb.o
 .text.__errno  0x0000000008007f10        0xc f:/programas/cubeide/stm32cubeide_1.5.1/stm32cubeide/plugins/com.st.stm32cube.ide.mcu.externaltools.gnu-tools-for-stm32.7-2018-q2-update.win32_1.5.0.202011040924/tools/bin/../lib/gcc/arm-none-eabi/7.3.1/../../../../arm-none-eabi/lib/thumb/v7e-m/fpv5/hard\libc_nano.a(lib_a-errno.o)
                0x0000000008007f10                __errno
 .text.__libc_init_array
                0x0000000008007f1c       0x48 f:/programas/cubeide/stm32cubeide_1.5.1/stm32cubeide/plugins/com.st.stm32cube.ide.mcu.externaltools.gnu-tools-for-stm32.7-2018-q2-update.win32_1.5.0.202011040924/tools/bin/../lib/gcc/arm-none-eabi/7.3.1/../../../../arm-none-eabi/lib/thumb/v7e-m/fpv5/hard\libc_nano.a(lib_a-init.o)
                0x0000000008007f1c                __libc_init_array
 .text.malloc   0x0000000008007f64       0x10 f:/programas/cubeide/stm32cubeide_1.5.1/stm32cubeide/plugins/com.st.stm32cube.ide.mcu.externaltools.gnu-tools-for-stm32.7-2018-q2-update.win32_1.5.0.202011040924/tools/bin/../lib/gcc/arm-none-eabi/7.3.1/../../../../arm-none-eabi/lib/thumb/v7e-m/fpv5/hard\libc_nano.a(lib_a-malloc.o)
                0x0000000008007f64                malloc
 .text.free     0x0000000008007f74       0x10 f:/programas/cubeide/stm32cubeide_1.5.1/stm32cubeide/plugins/com.st.stm32cube.ide.mcu.externaltools.gnu-tools-for-stm32.7-2018-q2-update.win32_1.5.0.202011040924/tools/bin/../lib/gcc/arm-none-eabi/7.3.1/../../../../arm-none-eabi/lib/thumb/v7e-m/fpv5/hard\libc_nano.a(lib_a-malloc.o)
                0x0000000008007f74                free
 .text.memcpy   0x0000000008007f84       0x16 f:/programas/cubeide/stm32cubeide_1.5.1/stm32cubeide/plugins/com.st.stm32cube.ide.mcu.externaltools.gnu-tools-for-stm32.7-2018-q2-update.win32_1.5.0.202011040924/tools/bin/../lib/gcc/arm-none-eabi/7.3.1/../../../../arm-none-eabi/lib/thumb/v7e-m/fpv5/hard\libc_nano.a(lib_a-memcpy-stub.o)
                0x0000000008007f84                memcpy
 .text.memset   0x0000000008007f9a       0x10 f:/programas/cubeide/stm32cubeide_1.5.1/stm32cubeide/plugins/com.st.stm32cube.ide.mcu.externaltools.gnu-tools-for-stm32.7-2018-q2-update.win32_1.5.0.202011040924/tools/bin/../lib/gcc/arm-none-eabi/7.3.1/../../../../arm-none-eabi/lib/thumb/v7e-m/fpv5/hard\libc_nano.a(lib_a-memset.o)
                0x0000000008007f9a                memset
 *fill*         0x0000000008007faa        0x2 
 .text._free_r  0x0000000008007fac       0x9c f:/programas/cubeide/stm32cubeide_1.5.1/stm32cubeide/plugins/com.st.stm32cube.ide.mcu.externaltools.gnu-tools-for-stm32.7-2018-q2-update.win32_1.5.0.202011040924/tools/bin/../lib/gcc/arm-none-eabi/7.3.1/../../../../arm-none-eabi/lib/thumb/v7e-m/fpv5/hard\libc_nano.a(lib_a-nano-freer.o)
                0x0000000008007fac                _free_r
 .text._malloc_r
                0x0000000008008048       0xb4 f:/programas/cubeide/stm32cubeide_1.5.1/stm32cubeide/plugins/com.st.stm32cube.ide.mcu.externaltools.gnu-tools-for-stm32.7-2018-q2-update.win32_1.5.0.202011040924/tools/bin/../lib/gcc/arm-none-eabi/7.3.1/../../../../arm-none-eabi/lib/thumb/v7e-m/fpv5/hard\libc_nano.a(lib_a-nano-mallocr.o)
                0x0000000008008048                _malloc_r
 .text._sbrk_r  0x00000000080080fc       0x20 f:/programas/cubeide/stm32cubeide_1.5.1/stm32cubeide/plugins/com.st.stm32cube.ide.mcu.externaltools.gnu-tools-for-stm32.7-2018-q2-update.win32_1.5.0.202011040924/tools/bin/../lib/gcc/arm-none-eabi/7.3.1/../../../../arm-none-eabi/lib/thumb/v7e-m/fpv5/hard\libc_nano.a(lib_a-sbrkr.o)
                0x00000000080080fc                _sbrk_r
 .text._vsprintf_r
                0x000000000800811c       0x2c f:/programas/cubeide/stm32cubeide_1.5.1/stm32cubeide/plugins/com.st.stm32cube.ide.mcu.externaltools.gnu-tools-for-stm32.7-2018-q2-update.win32_1.5.0.202011040924/tools/bin/../lib/gcc/arm-none-eabi/7.3.1/../../../../arm-none-eabi/lib/thumb/v7e-m/fpv5/hard\libc_nano.a(lib_a-vsprintf.o)
                0x000000000800811c                _vsprintf_r
                0x000000000800811c                _vsiprintf_r
 .text.vsprintf
                0x0000000008008148       0x14 f:/programas/cubeide/stm32cubeide_1.5.1/stm32cubeide/plugins/com.st.stm32cube.ide.mcu.externaltools.gnu-tools-for-stm32.7-2018-q2-update.win32_1.5.0.202011040924/tools/bin/../lib/gcc/arm-none-eabi/7.3.1/../../../../arm-none-eabi/lib/thumb/v7e-m/fpv5/hard\libc_nano.a(lib_a-vsprintf.o)
                0x0000000008008148                vsiprintf
                0x0000000008008148                vsprintf
 .text.__malloc_lock
                0x000000000800815c        0x2 f:/programas/cubeide/stm32cubeide_1.5.1/stm32cubeide/plugins/com.st.stm32cube.ide.mcu.externaltools.gnu-tools-for-stm32.7-2018-q2-update.win32_1.5.0.202011040924/tools/bin/../lib/gcc/arm-none-eabi/7.3.1/../../../../arm-none-eabi/lib/thumb/v7e-m/fpv5/hard\libc_nano.a(lib_a-mlock.o)
                0x000000000800815c                __malloc_lock
 .text.__malloc_unlock
                0x000000000800815e        0x2 f:/programas/cubeide/stm32cubeide_1.5.1/stm32cubeide/plugins/com.st.stm32cube.ide.mcu.externaltools.gnu-tools-for-stm32.7-2018-q2-update.win32_1.5.0.202011040924/tools/bin/../lib/gcc/arm-none-eabi/7.3.1/../../../../arm-none-eabi/lib/thumb/v7e-m/fpv5/hard\libc_nano.a(lib_a-mlock.o)
                0x000000000800815e                __malloc_unlock
 .text.__ssputs_r
                0x0000000008008160       0xb4 f:/programas/cubeide/stm32cubeide_1.5.1/stm32cubeide/plugins/com.st.stm32cube.ide.mcu.externaltools.gnu-tools-for-stm32.7-2018-q2-update.win32_1.5.0.202011040924/tools/bin/../lib/gcc/arm-none-eabi/7.3.1/../../../../arm-none-eabi/lib/thumb/v7e-m/fpv5/hard\libc_nano.a(lib_a-nano-svfprintf.o)
                0x0000000008008160                __ssputs_r
 .text._svfprintf_r
                0x0000000008008214      0x1f0 f:/programas/cubeide/stm32cubeide_1.5.1/stm32cubeide/plugins/com.st.stm32cube.ide.mcu.externaltools.gnu-tools-for-stm32.7-2018-q2-update.win32_1.5.0.202011040924/tools/bin/../lib/gcc/arm-none-eabi/7.3.1/../../../../arm-none-eabi/lib/thumb/v7e-m/fpv5/hard\libc_nano.a(lib_a-nano-svfprintf.o)
                0x0000000008008214                _svfiprintf_r
                0x0000000008008214                _svfprintf_r
 .text._printf_common
                0x0000000008008404       0xea f:/programas/cubeide/stm32cubeide_1.5.1/stm32cubeide/plugins/com.st.stm32cube.ide.mcu.externaltools.gnu-tools-for-stm32.7-2018-q2-update.win32_1.5.0.202011040924/tools/bin/../lib/gcc/arm-none-eabi/7.3.1/../../../../arm-none-eabi/lib/thumb/v7e-m/fpv5/hard\libc_nano.a(lib_a-nano-vfprintf_i.o)
                0x0000000008008404                _printf_common
 *fill*         0x00000000080084ee        0x2 
 .text._printf_i
                0x00000000080084f0      0x224 f:/programas/cubeide/stm32cubeide_1.5.1/stm32cubeide/plugins/com.st.stm32cube.ide.mcu.externaltools.gnu-tools-for-stm32.7-2018-q2-update.win32_1.5.0.202011040924/tools/bin/../lib/gcc/arm-none-eabi/7.3.1/../../../../arm-none-eabi/lib/thumb/v7e-m/fpv5/hard\libc_nano.a(lib_a-nano-vfprintf_i.o)
                0x00000000080084f0                _printf_i
 .text.memmove  0x0000000008008714       0x32 f:/programas/cubeide/stm32cubeide_1.5.1/stm32cubeide/plugins/com.st.stm32cube.ide.mcu.externaltools.gnu-tools-for-stm32.7-2018-q2-update.win32_1.5.0.202011040924/tools/bin/../lib/gcc/arm-none-eabi/7.3.1/../../../../arm-none-eabi/lib/thumb/v7e-m/fpv5/hard\libc_nano.a(lib_a-memmove.o)
                0x0000000008008714                memmove
 .text._realloc_r
                0x0000000008008746       0x4c f:/programas/cubeide/stm32cubeide_1.5.1/stm32cubeide/plugins/com.st.stm32cube.ide.mcu.externaltools.gnu-tools-for-stm32.7-2018-q2-update.win32_1.5.0.202011040924/tools/bin/../lib/gcc/arm-none-eabi/7.3.1/../../../../arm-none-eabi/lib/thumb/v7e-m/fpv5/hard\libc_nano.a(lib_a-nano-reallocr.o)
                0x0000000008008746                _realloc_r
 .text._malloc_usable_size_r
                0x0000000008008792       0x10 f:/programas/cubeide/stm32cubeide_1.5.1/stm32cubeide/plugins/com.st.stm32cube.ide.mcu.externaltools.gnu-tools-for-stm32.7-2018-q2-update.win32_1.5.0.202011040924/tools/bin/../lib/gcc/arm-none-eabi/7.3.1/../../../../arm-none-eabi/lib/thumb/v7e-m/fpv5/hard\libc_nano.a(lib_a-nano-msizer.o)
                0x0000000008008792                _malloc_usable_size_r
 *fill*         0x00000000080087a2        0x6 
 .text.pow      0x00000000080087a8      0x25c f:/programas/cubeide/stm32cubeide_1.5.1/stm32cubeide/plugins/com.st.stm32cube.ide.mcu.externaltools.gnu-tools-for-stm32.7-2018-q2-update.win32_1.5.0.202011040924/tools/bin/../lib/gcc/arm-none-eabi/7.3.1/../../../../arm-none-eabi/lib/thumb/v7e-m/fpv5/hard\libm.a(lib_a-w_pow.o)
                0x00000000080087a8                pow
 *fill*         0x0000000008008a04        0x4 
 .text.sqrt     0x0000000008008a08       0x98 f:/programas/cubeide/stm32cubeide_1.5.1/stm32cubeide/plugins/com.st.stm32cube.ide.mcu.externaltools.gnu-tools-for-stm32.7-2018-q2-update.win32_1.5.0.202011040924/tools/bin/../lib/gcc/arm-none-eabi/7.3.1/../../../../arm-none-eabi/lib/thumb/v7e-m/fpv5/hard\libm.a(lib_a-w_sqrt.o)
                0x0000000008008a08                sqrt
 .text.__ieee754_pow
                0x0000000008008aa0      0x70c f:/programas/cubeide/stm32cubeide_1.5.1/stm32cubeide/plugins/com.st.stm32cube.ide.mcu.externaltools.gnu-tools-for-stm32.7-2018-q2-update.win32_1.5.0.202011040924/tools/bin/../lib/gcc/arm-none-eabi/7.3.1/../../../../arm-none-eabi/lib/thumb/v7e-m/fpv5/hard\libm.a(lib_a-e_pow.o)
                0x0000000008008aa0                __ieee754_pow
 .text.__ieee754_sqrt
                0x00000000080091ac        0x6 f:/programas/cubeide/stm32cubeide_1.5.1/stm32cubeide/plugins/com.st.stm32cube.ide.mcu.externaltools.gnu-tools-for-stm32.7-2018-q2-update.win32_1.5.0.202011040924/tools/bin/../lib/gcc/arm-none-eabi/7.3.1/../../../../arm-none-eabi/lib/thumb/v7e-m/fpv5/hard\libm.a(lib_a-e_sqrt.o)
                0x00000000080091ac                __ieee754_sqrt
 .text.fabs     0x00000000080091b2       0x12 f:/programas/cubeide/stm32cubeide_1.5.1/stm32cubeide/plugins/com.st.stm32cube.ide.mcu.externaltools.gnu-tools-for-stm32.7-2018-q2-update.win32_1.5.0.202011040924/tools/bin/../lib/gcc/arm-none-eabi/7.3.1/../../../../arm-none-eabi/lib/thumb/v7e-m/fpv5/hard\libm.a(lib_a-s_fabs.o)
                0x00000000080091b2                fabs
 .text.finite   0x00000000080091c4       0x10 f:/programas/cubeide/stm32cubeide_1.5.1/stm32cubeide/plugins/com.st.stm32cube.ide.mcu.externaltools.gnu-tools-for-stm32.7-2018-q2-update.win32_1.5.0.202011040924/tools/bin/../lib/gcc/arm-none-eabi/7.3.1/../../../../arm-none-eabi/lib/thumb/v7e-m/fpv5/hard\libm.a(lib_a-s_finite.o)
                0x00000000080091c4                finite
 .text.matherr  0x00000000080091d4        0x4 f:/programas/cubeide/stm32cubeide_1.5.1/stm32cubeide/plugins/com.st.stm32cube.ide.mcu.externaltools.gnu-tools-for-stm32.7-2018-q2-update.win32_1.5.0.202011040924/tools/bin/../lib/gcc/arm-none-eabi/7.3.1/../../../../arm-none-eabi/lib/thumb/v7e-m/fpv5/hard\libm.a(lib_a-s_matherr.o)
                0x00000000080091d4                matherr
 .text.nan      0x00000000080091d8       0x10 f:/programas/cubeide/stm32cubeide_1.5.1/stm32cubeide/plugins/com.st.stm32cube.ide.mcu.externaltools.gnu-tools-for-stm32.7-2018-q2-update.win32_1.5.0.202011040924/tools/bin/../lib/gcc/arm-none-eabi/7.3.1/../../../../arm-none-eabi/lib/thumb/v7e-m/fpv5/hard\libm.a(lib_a-s_nan.o)
                0x00000000080091d8                nan
 .text.rint     0x00000000080091e8      0x114 f:/programas/cubeide/stm32cubeide_1.5.1/stm32cubeide/plugins/com.st.stm32cube.ide.mcu.externaltools.gnu-tools-for-stm32.7-2018-q2-update.win32_1.5.0.202011040924/tools/bin/../lib/gcc/arm-none-eabi/7.3.1/../../../../arm-none-eabi/lib/thumb/v7e-m/fpv5/hard\libm.a(lib_a-s_rint.o)
                0x00000000080091e8                rint
 *fill*         0x00000000080092fc        0x4 
 .text.scalbn   0x0000000008009300       0xfc f:/programas/cubeide/stm32cubeide_1.5.1/stm32cubeide/plugins/com.st.stm32cube.ide.mcu.externaltools.gnu-tools-for-stm32.7-2018-q2-update.win32_1.5.0.202011040924/tools/bin/../lib/gcc/arm-none-eabi/7.3.1/../../../../arm-none-eabi/lib/thumb/v7e-m/fpv5/hard\libm.a(lib_a-s_scalbn.o)
                0x0000000008009300                scalbn
 .text.copysign
                0x00000000080093fc       0x1e f:/programas/cubeide/stm32cubeide_1.5.1/stm32cubeide/plugins/com.st.stm32cube.ide.mcu.externaltools.gnu-tools-for-stm32.7-2018-q2-update.win32_1.5.0.202011040924/tools/bin/../lib/gcc/arm-none-eabi/7.3.1/../../../../arm-none-eabi/lib/thumb/v7e-m/fpv5/hard\libm.a(lib_a-s_copysign.o)
                0x00000000080093fc                copysign
 *(.glue_7)
 .glue_7        0x000000000800941a        0x0 linker stubs
 *(.glue_7t)
 .glue_7t       0x000000000800941a        0x0 linker stubs
 *(.eh_frame)
 *fill*         0x000000000800941a        0x2 
 .eh_frame      0x000000000800941c        0x0 f:/programas/cubeide/stm32cubeide_1.5.1/stm32cubeide/plugins/com.st.stm32cube.ide.mcu.externaltools.gnu-tools-for-stm32.7-2018-q2-update.win32_1.5.0.202011040924/tools/bin/../lib/gcc/arm-none-eabi/7.3.1/thumb/v7e-m/fpv5/hard/crtbegin.o
 *(.init)
 .init          0x000000000800941c        0x4 f:/programas/cubeide/stm32cubeide_1.5.1/stm32cubeide/plugins/com.st.stm32cube.ide.mcu.externaltools.gnu-tools-for-stm32.7-2018-q2-update.win32_1.5.0.202011040924/tools/bin/../lib/gcc/arm-none-eabi/7.3.1/thumb/v7e-m/fpv5/hard/crti.o
                0x000000000800941c                _init
 .init          0x0000000008009420        0x8 f:/programas/cubeide/stm32cubeide_1.5.1/stm32cubeide/plugins/com.st.stm32cube.ide.mcu.externaltools.gnu-tools-for-stm32.7-2018-q2-update.win32_1.5.0.202011040924/tools/bin/../lib/gcc/arm-none-eabi/7.3.1/thumb/v7e-m/fpv5/hard/crtn.o
 *(.fini)
 .fini          0x0000000008009428        0x4 f:/programas/cubeide/stm32cubeide_1.5.1/stm32cubeide/plugins/com.st.stm32cube.ide.mcu.externaltools.gnu-tools-for-stm32.7-2018-q2-update.win32_1.5.0.202011040924/tools/bin/../lib/gcc/arm-none-eabi/7.3.1/thumb/v7e-m/fpv5/hard/crti.o
                0x0000000008009428                _fini
 .fini          0x000000000800942c        0x8 f:/programas/cubeide/stm32cubeide_1.5.1/stm32cubeide/plugins/com.st.stm32cube.ide.mcu.externaltools.gnu-tools-for-stm32.7-2018-q2-update.win32_1.5.0.202011040924/tools/bin/../lib/gcc/arm-none-eabi/7.3.1/thumb/v7e-m/fpv5/hard/crtn.o
                0x0000000008009434                . = ALIGN (0x4)
                0x0000000008009434                _etext = .

.vfp11_veneer   0x0000000008009434        0x0
 .vfp11_veneer  0x0000000008009434        0x0 linker stubs

.v4_bx          0x0000000008009434        0x0
 .v4_bx         0x0000000008009434        0x0 linker stubs

.iplt           0x0000000008009434        0x0
 .iplt          0x0000000008009434        0x0 f:/programas/cubeide/stm32cubeide_1.5.1/stm32cubeide/plugins/com.st.stm32cube.ide.mcu.externaltools.gnu-tools-for-stm32.7-2018-q2-update.win32_1.5.0.202011040924/tools/bin/../lib/gcc/arm-none-eabi/7.3.1/thumb/v7e-m/fpv5/hard/crtbegin.o

.rodata         0x0000000008009438       0xf8
                0x0000000008009438                . = ALIGN (0x4)
 *(.rodata)
 .rodata        0x0000000008009438       0x38 Core/Src/MLX90621_BG.o
 .rodata        0x0000000008009470        0x6 Core/Src/main.o
 *fill*         0x0000000008009476        0x2 
 .rodata        0x0000000008009478       0x10 Drivers/STM32H7xx_HAL_Driver/Src/stm32h7xx_hal_uart_ex.o
 *(.rodata*)
 .rodata.D1CorePrescTable
                0x0000000008009488       0x10 Core/Src/system_stm32h7xx.o
                0x0000000008009488                D1CorePrescTable
 .rodata.UARTPrescTable
                0x0000000008009498       0x18 Drivers/STM32H7xx_HAL_Driver/Src/stm32h7xx_hal_uart.o
                0x0000000008009498                UARTPrescTable
 .rodata._svfprintf_r.str1.1
                0x00000000080094b0       0x11 f:/programas/cubeide/stm32cubeide_1.5.1/stm32cubeide/plugins/com.st.stm32cube.ide.mcu.externaltools.gnu-tools-for-stm32.7-2018-q2-update.win32_1.5.0.202011040924/tools/bin/../lib/gcc/arm-none-eabi/7.3.1/../../../../arm-none-eabi/lib/thumb/v7e-m/fpv5/hard\libc_nano.a(lib_a-nano-svfprintf.o)
 .rodata._printf_i.str1.1
                0x00000000080094c1       0x22 f:/programas/cubeide/stm32cubeide_1.5.1/stm32cubeide/plugins/com.st.stm32cube.ide.mcu.externaltools.gnu-tools-for-stm32.7-2018-q2-update.win32_1.5.0.202011040924/tools/bin/../lib/gcc/arm-none-eabi/7.3.1/../../../../arm-none-eabi/lib/thumb/v7e-m/fpv5/hard\libc_nano.a(lib_a-nano-vfprintf_i.o)
 .rodata.pow.str1.1
                0x00000000080094e3        0x4 f:/programas/cubeide/stm32cubeide_1.5.1/stm32cubeide/plugins/com.st.stm32cube.ide.mcu.externaltools.gnu-tools-for-stm32.7-2018-q2-update.win32_1.5.0.202011040924/tools/bin/../lib/gcc/arm-none-eabi/7.3.1/../../../../arm-none-eabi/lib/thumb/v7e-m/fpv5/hard\libm.a(lib_a-w_pow.o)
 .rodata.sqrt.str1.1
                0x00000000080094e7        0x5 f:/programas/cubeide/stm32cubeide_1.5.1/stm32cubeide/plugins/com.st.stm32cube.ide.mcu.externaltools.gnu-tools-for-stm32.7-2018-q2-update.win32_1.5.0.202011040924/tools/bin/../lib/gcc/arm-none-eabi/7.3.1/../../../../arm-none-eabi/lib/thumb/v7e-m/fpv5/hard\libm.a(lib_a-w_sqrt.o)
 .rodata.__ieee754_pow.str1.1
                0x00000000080094ec        0x5 f:/programas/cubeide/stm32cubeide_1.5.1/stm32cubeide/plugins/com.st.stm32cube.ide.mcu.externaltools.gnu-tools-for-stm32.7-2018-q2-update.win32_1.5.0.202011040924/tools/bin/../lib/gcc/arm-none-eabi/7.3.1/../../../../arm-none-eabi/lib/thumb/v7e-m/fpv5/hard\libm.a(lib_a-e_pow.o)
                                          0x1 (size before relaxing)
 *fill*         0x00000000080094ec        0x4 
 .rodata.bp     0x00000000080094f0       0x10 f:/programas/cubeide/stm32cubeide_1.5.1/stm32cubeide/plugins/com.st.stm32cube.ide.mcu.externaltools.gnu-tools-for-stm32.7-2018-q2-update.win32_1.5.0.202011040924/tools/bin/../lib/gcc/arm-none-eabi/7.3.1/../../../../arm-none-eabi/lib/thumb/v7e-m/fpv5/hard\libm.a(lib_a-e_pow.o)
 .rodata.dp_h   0x0000000008009500       0x10 f:/programas/cubeide/stm32cubeide_1.5.1/stm32cubeide/plugins/com.st.stm32cube.ide.mcu.externaltools.gnu-tools-for-stm32.7-2018-q2-update.win32_1.5.0.202011040924/tools/bin/../lib/gcc/arm-none-eabi/7.3.1/../../../../arm-none-eabi/lib/thumb/v7e-m/fpv5/hard\libm.a(lib_a-e_pow.o)
 .rodata.dp_l   0x0000000008009510       0x10 f:/programas/cubeide/stm32cubeide_1.5.1/stm32cubeide/plugins/com.st.stm32cube.ide.mcu.externaltools.gnu-tools-for-stm32.7-2018-q2-update.win32_1.5.0.202011040924/tools/bin/../lib/gcc/arm-none-eabi/7.3.1/../../../../arm-none-eabi/lib/thumb/v7e-m/fpv5/hard\libm.a(lib_a-e_pow.o)
 .rodata.TWO52  0x0000000008009520       0x10 f:/programas/cubeide/stm32cubeide_1.5.1/stm32cubeide/plugins/com.st.stm32cube.ide.mcu.externaltools.gnu-tools-for-stm32.7-2018-q2-update.win32_1.5.0.202011040924/tools/bin/../lib/gcc/arm-none-eabi/7.3.1/../../../../arm-none-eabi/lib/thumb/v7e-m/fpv5/hard\libm.a(lib_a-s_rint.o)
                0x0000000008009530                . = ALIGN (0x4)

.ARM.extab      0x0000000008009530        0x0
                0x0000000008009530                . = ALIGN (0x4)
 *(.ARM.extab* .gnu.linkonce.armextab.*)
                0x0000000008009530                . = ALIGN (0x4)

.ARM            0x0000000008009530        0x8
                0x0000000008009530                . = ALIGN (0x4)
                0x0000000008009530                __exidx_start = .
 *(.ARM.exidx*)
 .ARM.exidx     0x0000000008009530        0x8 f:/programas/cubeide/stm32cubeide_1.5.1/stm32cubeide/plugins/com.st.stm32cube.ide.mcu.externaltools.gnu-tools-for-stm32.7-2018-q2-update.win32_1.5.0.202011040924/tools/bin/../lib/gcc/arm-none-eabi/7.3.1/thumb/v7e-m/fpv5/hard\libgcc.a(_udivmoddi4.o)
                0x0000000008009538                __exidx_end = .
                0x0000000008009538                . = ALIGN (0x4)

.rel.dyn        0x0000000008009538        0x0
 .rel.iplt      0x0000000008009538        0x0 f:/programas/cubeide/stm32cubeide_1.5.1/stm32cubeide/plugins/com.st.stm32cube.ide.mcu.externaltools.gnu-tools-for-stm32.7-2018-q2-update.win32_1.5.0.202011040924/tools/bin/../lib/gcc/arm-none-eabi/7.3.1/thumb/v7e-m/fpv5/hard/crtbegin.o

.preinit_array  0x0000000008009538        0x0
                0x0000000008009538                . = ALIGN (0x4)
                0x0000000008009538                PROVIDE (__preinit_array_start = .)
 *(.preinit_array*)
                0x0000000008009538                PROVIDE (__preinit_array_end = .)
                0x0000000008009538                . = ALIGN (0x4)

.init_array     0x0000000008009538        0x4
                0x0000000008009538                . = ALIGN (0x4)
                0x0000000008009538                PROVIDE (__init_array_start = .)
 *(SORT_BY_NAME(.init_array.*))
 *(.init_array*)
 .init_array    0x0000000008009538        0x4 f:/programas/cubeide/stm32cubeide_1.5.1/stm32cubeide/plugins/com.st.stm32cube.ide.mcu.externaltools.gnu-tools-for-stm32.7-2018-q2-update.win32_1.5.0.202011040924/tools/bin/../lib/gcc/arm-none-eabi/7.3.1/thumb/v7e-m/fpv5/hard/crtbegin.o
                0x000000000800953c                PROVIDE (__init_array_end = .)
                0x000000000800953c                . = ALIGN (0x4)

.fini_array     0x000000000800953c        0x4
                0x000000000800953c                . = ALIGN (0x4)
                [!provide]                        PROVIDE (__fini_array_start = .)
 *(SORT_BY_NAME(.fini_array.*))
 *(.fini_array*)
 .fini_array    0x000000000800953c        0x4 f:/programas/cubeide/stm32cubeide_1.5.1/stm32cubeide/plugins/com.st.stm32cube.ide.mcu.externaltools.gnu-tools-for-stm32.7-2018-q2-update.win32_1.5.0.202011040924/tools/bin/../lib/gcc/arm-none-eabi/7.3.1/thumb/v7e-m/fpv5/hard/crtbegin.o
                [!provide]                        PROVIDE (__fini_array_end = .)
                0x0000000008009540                . = ALIGN (0x4)
                0x0000000008009540                _sidata = LOADADDR (.data)

.data           0x0000000024000000       0x7c load address 0x0000000008009540
                0x0000000024000000                . = ALIGN (0x4)
                0x0000000024000000                _sdata = .
 *(.data)
 *(.data*)
 .data.MLXir    0x0000000024000000        0x2 Core/Src/MLX90621_BG.o
                0x0000000024000000                MLXir
 *fill*         0x0000000024000002        0x2 
 .data.SystemCoreClock
                0x0000000024000004        0x4 Core/Src/system_stm32h7xx.o
                0x0000000024000004                SystemCoreClock
 .data.SystemD2Clock
                0x0000000024000008        0x4 Core/Src/system_stm32h7xx.o
                0x0000000024000008                SystemD2Clock
 .data.uwTickPrio
                0x000000002400000c        0x4 Drivers/STM32H7xx_HAL_Driver/Src/stm32h7xx_hal.o
                0x000000002400000c                uwTickPrio
 .data.uwTickFreq
                0x0000000024000010        0x1 Drivers/STM32H7xx_HAL_Driver/Src/stm32h7xx_hal.o
                0x0000000024000010                uwTickFreq
 *fill*         0x0000000024000011        0x3 
 .data._impure_ptr
                0x0000000024000014        0x4 f:/programas/cubeide/stm32cubeide_1.5.1/stm32cubeide/plugins/com.st.stm32cube.ide.mcu.externaltools.gnu-tools-for-stm32.7-2018-q2-update.win32_1.5.0.202011040924/tools/bin/../lib/gcc/arm-none-eabi/7.3.1/../../../../arm-none-eabi/lib/thumb/v7e-m/fpv5/hard\libc_nano.a(lib_a-impure.o)
                0x0000000024000014                _impure_ptr
 .data.impure_data
                0x0000000024000018       0x60 f:/programas/cubeide/stm32cubeide_1.5.1/stm32cubeide/plugins/com.st.stm32cube.ide.mcu.externaltools.gnu-tools-for-stm32.7-2018-q2-update.win32_1.5.0.202011040924/tools/bin/../lib/gcc/arm-none-eabi/7.3.1/../../../../arm-none-eabi/lib/thumb/v7e-m/fpv5/hard\libc_nano.a(lib_a-impure.o)
 .data.__fdlib_version
                0x0000000024000078        0x1 f:/programas/cubeide/stm32cubeide_1.5.1/stm32cubeide/plugins/com.st.stm32cube.ide.mcu.externaltools.gnu-tools-for-stm32.7-2018-q2-update.win32_1.5.0.202011040924/tools/bin/../lib/gcc/arm-none-eabi/7.3.1/../../../../arm-none-eabi/lib/thumb/v7e-m/fpv5/hard\libm.a(lib_a-s_lib_ver.o)
                0x0000000024000078                __fdlib_version
 *(.RamFunc)
 *(.RamFunc*)
                0x000000002400007c                . = ALIGN (0x4)
 *fill*         0x0000000024000079        0x3 
                0x000000002400007c                _edata = .

.igot.plt       0x000000002400007c        0x0 load address 0x00000000080095bc
 .igot.plt      0x000000002400007c        0x0 f:/programas/cubeide/stm32cubeide_1.5.1/stm32cubeide/plugins/com.st.stm32cube.ide.mcu.externaltools.gnu-tools-for-stm32.7-2018-q2-update.win32_1.5.0.202011040924/tools/bin/../lib/gcc/arm-none-eabi/7.3.1/thumb/v7e-m/fpv5/hard/crtbegin.o

.RxDecripSection
                0x000000002400007c       0x60 load address 0x00000000080095bc
 .RxDecripSection
                0x000000002400007c       0x60 Core/Src/eth.o
                0x000000002400007c                DMARxDscrTab

.TxDecripSection
                0x00000000240000dc       0x60 load address 0x000000000800961c
 .TxDecripSection
                0x00000000240000dc       0x60 Core/Src/eth.o
                0x00000000240000dc                DMATxDscrTab
                0x000000002400013c                . = ALIGN (0x4)

.bss            0x000000002400013c      0x644 load address 0x000000000800967c
                0x000000002400013c                _sbss = .
                0x000000002400013c                __bss_start__ = _sbss
 *(.bss)
 .bss           0x000000002400013c       0x1c f:/programas/cubeide/stm32cubeide_1.5.1/stm32cubeide/plugins/com.st.stm32cube.ide.mcu.externaltools.gnu-tools-for-stm32.7-2018-q2-update.win32_1.5.0.202011040924/tools/bin/../lib/gcc/arm-none-eabi/7.3.1/thumb/v7e-m/fpv5/hard/crtbegin.o
 *(.bss*)
 .bss.resolution
                0x0000000024000158        0x2 Core/Src/MLX90621_BG.o
                0x0000000024000158                resolution
 .bss.configuration
                0x000000002400015a        0x2 Core/Src/MLX90621_BG.o
                0x000000002400015a                configuration
 .bss.__sbrk_heap_end
                0x000000002400015c        0x4 Core/Src/sysmem.o
 .bss.__malloc_free_list
                0x0000000024000160        0x4 f:/programas/cubeide/stm32cubeide_1.5.1/stm32cubeide/plugins/com.st.stm32cube.ide.mcu.externaltools.gnu-tools-for-stm32.7-2018-q2-update.win32_1.5.0.202011040924/tools/bin/../lib/gcc/arm-none-eabi/7.3.1/../../../../arm-none-eabi/lib/thumb/v7e-m/fpv5/hard\libc_nano.a(lib_a-nano-mallocr.o)
                0x0000000024000160                __malloc_free_list
 .bss.__malloc_sbrk_start
                0x0000000024000164        0x4 f:/programas/cubeide/stm32cubeide_1.5.1/stm32cubeide/plugins/com.st.stm32cube.ide.mcu.externaltools.gnu-tools-for-stm32.7-2018-q2-update.win32_1.5.0.202011040924/tools/bin/../lib/gcc/arm-none-eabi/7.3.1/../../../../arm-none-eabi/lib/thumb/v7e-m/fpv5/hard\libc_nano.a(lib_a-nano-mallocr.o)
                0x0000000024000164                __malloc_sbrk_start
 *(COMMON)
 COMMON         0x0000000024000168       0xa4 Core/Src/eth.o
                0x0000000024000168                heth
                0x00000000240001d8                TxConfig
 COMMON         0x000000002400020c       0x4c Core/Src/i2c.o
                0x000000002400020c                hi2c2
 COMMON         0x0000000024000258      0x118 Core/Src/usart.o
                0x0000000024000258                huart3
                0x00000000240002e4                huart4
 COMMON         0x0000000024000370      0x408 Core/Src/usb_otg.o
                0x0000000024000370                hpcd_USB_OTG_FS
 COMMON         0x0000000024000778        0x4 Drivers/STM32H7xx_HAL_Driver/Src/stm32h7xx_hal.o
                0x0000000024000778                uwTick
 COMMON         0x000000002400077c        0x4 f:/programas/cubeide/stm32cubeide_1.5.1/stm32cubeide/plugins/com.st.stm32cube.ide.mcu.externaltools.gnu-tools-for-stm32.7-2018-q2-update.win32_1.5.0.202011040924/tools/bin/../lib/gcc/arm-none-eabi/7.3.1/../../../../arm-none-eabi/lib/thumb/v7e-m/fpv5/hard\libc_nano.a(lib_a-reent.o)
                0x000000002400077c                errno
                0x0000000024000780                . = ALIGN (0x4)
                0x0000000024000780                _ebss = .
                0x0000000024000780                __bss_end__ = _ebss

._user_heap_stack
                0x0000000024000780      0x600 load address 0x000000000800967c
                0x0000000024000780                . = ALIGN (0x8)
                [!provide]                        PROVIDE (end = .)
                0x0000000024000780                PROVIDE (_end = .)
                0x0000000024000980                . = (. + _Min_Heap_Size)
 *fill*         0x0000000024000780      0x200 
                0x0000000024000d80                . = (. + _Min_Stack_Size)
 *fill*         0x0000000024000980      0x400 
                0x0000000024000d80                . = ALIGN (0x8)

/DISCARD/
 libc.a(*)
 libm.a(*)
 libgcc.a(*)

.ARM.attributes
                0x0000000000000000       0x2e
 *(.ARM.attributes)
 .ARM.attributes
                0x0000000000000000       0x20 f:/programas/cubeide/stm32cubeide_1.5.1/stm32cubeide/plugins/com.st.stm32cube.ide.mcu.externaltools.gnu-tools-for-stm32.7-2018-q2-update.win32_1.5.0.202011040924/tools/bin/../lib/gcc/arm-none-eabi/7.3.1/thumb/v7e-m/fpv5/hard/crti.o
 .ARM.attributes
                0x0000000000000020       0x32 f:/programas/cubeide/stm32cubeide_1.5.1/stm32cubeide/plugins/com.st.stm32cube.ide.mcu.externaltools.gnu-tools-for-stm32.7-2018-q2-update.win32_1.5.0.202011040924/tools/bin/../lib/gcc/arm-none-eabi/7.3.1/thumb/v7e-m/fpv5/hard/crtbegin.o
 .ARM.attributes
                0x0000000000000052       0x37 Core/Src/MLX90621_BG.o
 .ARM.attributes
                0x0000000000000089       0x37 Core/Src/eth.o
 .ARM.attributes
                0x00000000000000c0       0x37 Core/Src/gpio.o
 .ARM.attributes
                0x00000000000000f7       0x37 Core/Src/i2c.o
 .ARM.attributes
                0x000000000000012e       0x37 Core/Src/main.o
 .ARM.attributes
                0x0000000000000165       0x37 Core/Src/stm32h7xx_hal_msp.o
 .ARM.attributes
                0x000000000000019c       0x37 Core/Src/stm32h7xx_it.o
 .ARM.attributes
                0x00000000000001d3       0x37 Core/Src/sysmem.o
 .ARM.attributes
                0x000000000000020a       0x37 Core/Src/system_stm32h7xx.o
 .ARM.attributes
                0x0000000000000241       0x37 Core/Src/usart.o
 .ARM.attributes
                0x0000000000000278       0x37 Core/Src/usb_otg.o
 .ARM.attributes
                0x00000000000002af       0x21 Core/Startup/startup_stm32h743zitx.o
 .ARM.attributes
                0x00000000000002d0       0x37 Drivers/STM32H7xx_HAL_Driver/Src/stm32h7xx_hal.o
 .ARM.attributes
                0x0000000000000307       0x37 Drivers/STM32H7xx_HAL_Driver/Src/stm32h7xx_hal_cortex.o
 .ARM.attributes
                0x000000000000033e       0x37 Drivers/STM32H7xx_HAL_Driver/Src/stm32h7xx_hal_eth.o
 .ARM.attributes
                0x0000000000000375       0x37 Drivers/STM32H7xx_HAL_Driver/Src/stm32h7xx_hal_gpio.o
 .ARM.attributes
                0x00000000000003ac       0x37 Drivers/STM32H7xx_HAL_Driver/Src/stm32h7xx_hal_i2c.o
 .ARM.attributes
                0x00000000000003e3       0x37 Drivers/STM32H7xx_HAL_Driver/Src/stm32h7xx_hal_i2c_ex.o
 .ARM.attributes
                0x000000000000041a       0x37 Drivers/STM32H7xx_HAL_Driver/Src/stm32h7xx_hal_pcd.o
 .ARM.attributes
                0x0000000000000451       0x37 Drivers/STM32H7xx_HAL_Driver/Src/stm32h7xx_hal_pcd_ex.o
 .ARM.attributes
                0x0000000000000488       0x37 Drivers/STM32H7xx_HAL_Driver/Src/stm32h7xx_hal_pwr_ex.o
 .ARM.attributes
                0x00000000000004bf       0x37 Drivers/STM32H7xx_HAL_Driver/Src/stm32h7xx_hal_rcc.o
 .ARM.attributes
                0x00000000000004f6       0x37 Drivers/STM32H7xx_HAL_Driver/Src/stm32h7xx_hal_rcc_ex.o
 .ARM.attributes
                0x000000000000052d       0x37 Drivers/STM32H7xx_HAL_Driver/Src/stm32h7xx_hal_uart.o
 .ARM.attributes
                0x0000000000000564       0x37 Drivers/STM32H7xx_HAL_Driver/Src/stm32h7xx_hal_uart_ex.o
 .ARM.attributes
                0x000000000000059b       0x37 Drivers/STM32H7xx_HAL_Driver/Src/stm32h7xx_ll_usb.o
 .ARM.attributes
                0x00000000000005d2       0x32 f:/programas/cubeide/stm32cubeide_1.5.1/stm32cubeide/plugins/com.st.stm32cube.ide.mcu.externaltools.gnu-tools-for-stm32.7-2018-q2-update.win32_1.5.0.202011040924/tools/bin/../lib/gcc/arm-none-eabi/7.3.1/../../../../arm-none-eabi/lib/thumb/v7e-m/fpv5/hard\libc_nano.a(lib_a-errno.o)
 .ARM.attributes
                0x0000000000000604       0x32 f:/programas/cubeide/stm32cubeide_1.5.1/stm32cubeide/plugins/com.st.stm32cube.ide.mcu.externaltools.gnu-tools-for-stm32.7-2018-q2-update.win32_1.5.0.202011040924/tools/bin/../lib/gcc/arm-none-eabi/7.3.1/../../../../arm-none-eabi/lib/thumb/v7e-m/fpv5/hard\libc_nano.a(lib_a-impure.o)
 .ARM.attributes
                0x0000000000000636       0x32 f:/programas/cubeide/stm32cubeide_1.5.1/stm32cubeide/plugins/com.st.stm32cube.ide.mcu.externaltools.gnu-tools-for-stm32.7-2018-q2-update.win32_1.5.0.202011040924/tools/bin/../lib/gcc/arm-none-eabi/7.3.1/../../../../arm-none-eabi/lib/thumb/v7e-m/fpv5/hard\libc_nano.a(lib_a-init.o)
 .ARM.attributes
                0x0000000000000668       0x32 f:/programas/cubeide/stm32cubeide_1.5.1/stm32cubeide/plugins/com.st.stm32cube.ide.mcu.externaltools.gnu-tools-for-stm32.7-2018-q2-update.win32_1.5.0.202011040924/tools/bin/../lib/gcc/arm-none-eabi/7.3.1/../../../../arm-none-eabi/lib/thumb/v7e-m/fpv5/hard\libc_nano.a(lib_a-malloc.o)
 .ARM.attributes
                0x000000000000069a       0x32 f:/programas/cubeide/stm32cubeide_1.5.1/stm32cubeide/plugins/com.st.stm32cube.ide.mcu.externaltools.gnu-tools-for-stm32.7-2018-q2-update.win32_1.5.0.202011040924/tools/bin/../lib/gcc/arm-none-eabi/7.3.1/../../../../arm-none-eabi/lib/thumb/v7e-m/fpv5/hard\libc_nano.a(lib_a-memcpy-stub.o)
 .ARM.attributes
                0x00000000000006cc       0x32 f:/programas/cubeide/stm32cubeide_1.5.1/stm32cubeide/plugins/com.st.stm32cube.ide.mcu.externaltools.gnu-tools-for-stm32.7-2018-q2-update.win32_1.5.0.202011040924/tools/bin/../lib/gcc/arm-none-eabi/7.3.1/../../../../arm-none-eabi/lib/thumb/v7e-m/fpv5/hard\libc_nano.a(lib_a-memset.o)
 .ARM.attributes
                0x00000000000006fe       0x32 f:/programas/cubeide/stm32cubeide_1.5.1/stm32cubeide/plugins/com.st.stm32cube.ide.mcu.externaltools.gnu-tools-for-stm32.7-2018-q2-update.win32_1.5.0.202011040924/tools/bin/../lib/gcc/arm-none-eabi/7.3.1/../../../../arm-none-eabi/lib/thumb/v7e-m/fpv5/hard\libc_nano.a(lib_a-nano-freer.o)
 .ARM.attributes
                0x0000000000000730       0x32 f:/programas/cubeide/stm32cubeide_1.5.1/stm32cubeide/plugins/com.st.stm32cube.ide.mcu.externaltools.gnu-tools-for-stm32.7-2018-q2-update.win32_1.5.0.202011040924/tools/bin/../lib/gcc/arm-none-eabi/7.3.1/../../../../arm-none-eabi/lib/thumb/v7e-m/fpv5/hard\libc_nano.a(lib_a-nano-mallocr.o)
 .ARM.attributes
                0x0000000000000762       0x32 f:/programas/cubeide/stm32cubeide_1.5.1/stm32cubeide/plugins/com.st.stm32cube.ide.mcu.externaltools.gnu-tools-for-stm32.7-2018-q2-update.win32_1.5.0.202011040924/tools/bin/../lib/gcc/arm-none-eabi/7.3.1/../../../../arm-none-eabi/lib/thumb/v7e-m/fpv5/hard\libc_nano.a(lib_a-sbrkr.o)
 .ARM.attributes
                0x0000000000000794       0x32 f:/programas/cubeide/stm32cubeide_1.5.1/stm32cubeide/plugins/com.st.stm32cube.ide.mcu.externaltools.gnu-tools-for-stm32.7-2018-q2-update.win32_1.5.0.202011040924/tools/bin/../lib/gcc/arm-none-eabi/7.3.1/../../../../arm-none-eabi/lib/thumb/v7e-m/fpv5/hard\libc_nano.a(lib_a-vsprintf.o)
 .ARM.attributes
                0x00000000000007c6       0x32 f:/programas/cubeide/stm32cubeide_1.5.1/stm32cubeide/plugins/com.st.stm32cube.ide.mcu.externaltools.gnu-tools-for-stm32.7-2018-q2-update.win32_1.5.0.202011040924/tools/bin/../lib/gcc/arm-none-eabi/7.3.1/../../../../arm-none-eabi/lib/thumb/v7e-m/fpv5/hard\libc_nano.a(lib_a-mlock.o)
 .ARM.attributes
                0x00000000000007f8       0x32 f:/programas/cubeide/stm32cubeide_1.5.1/stm32cubeide/plugins/com.st.stm32cube.ide.mcu.externaltools.gnu-tools-for-stm32.7-2018-q2-update.win32_1.5.0.202011040924/tools/bin/../lib/gcc/arm-none-eabi/7.3.1/../../../../arm-none-eabi/lib/thumb/v7e-m/fpv5/hard\libc_nano.a(lib_a-nano-svfprintf.o)
 .ARM.attributes
                0x000000000000082a       0x32 f:/programas/cubeide/stm32cubeide_1.5.1/stm32cubeide/plugins/com.st.stm32cube.ide.mcu.externaltools.gnu-tools-for-stm32.7-2018-q2-update.win32_1.5.0.202011040924/tools/bin/../lib/gcc/arm-none-eabi/7.3.1/../../../../arm-none-eabi/lib/thumb/v7e-m/fpv5/hard\libc_nano.a(lib_a-nano-vfprintf_i.o)
 .ARM.attributes
                0x000000000000085c       0x32 f:/programas/cubeide/stm32cubeide_1.5.1/stm32cubeide/plugins/com.st.stm32cube.ide.mcu.externaltools.gnu-tools-for-stm32.7-2018-q2-update.win32_1.5.0.202011040924/tools/bin/../lib/gcc/arm-none-eabi/7.3.1/../../../../arm-none-eabi/lib/thumb/v7e-m/fpv5/hard\libc_nano.a(lib_a-reent.o)
 .ARM.attributes
                0x000000000000088e       0x1e f:/programas/cubeide/stm32cubeide_1.5.1/stm32cubeide/plugins/com.st.stm32cube.ide.mcu.externaltools.gnu-tools-for-stm32.7-2018-q2-update.win32_1.5.0.202011040924/tools/bin/../lib/gcc/arm-none-eabi/7.3.1/../../../../arm-none-eabi/lib/thumb/v7e-m/fpv5/hard\libc_nano.a(lib_a-memchr.o)
 .ARM.attributes
                0x00000000000008ac       0x32 f:/programas/cubeide/stm32cubeide_1.5.1/stm32cubeide/plugins/com.st.stm32cube.ide.mcu.externaltools.gnu-tools-for-stm32.7-2018-q2-update.win32_1.5.0.202011040924/tools/bin/../lib/gcc/arm-none-eabi/7.3.1/../../../../arm-none-eabi/lib/thumb/v7e-m/fpv5/hard\libc_nano.a(lib_a-memmove.o)
 .ARM.attributes
                0x00000000000008de       0x32 f:/programas/cubeide/stm32cubeide_1.5.1/stm32cubeide/plugins/com.st.stm32cube.ide.mcu.externaltools.gnu-tools-for-stm32.7-2018-q2-update.win32_1.5.0.202011040924/tools/bin/../lib/gcc/arm-none-eabi/7.3.1/../../../../arm-none-eabi/lib/thumb/v7e-m/fpv5/hard\libc_nano.a(lib_a-nano-reallocr.o)
 .ARM.attributes
                0x0000000000000910       0x32 f:/programas/cubeide/stm32cubeide_1.5.1/stm32cubeide/plugins/com.st.stm32cube.ide.mcu.externaltools.gnu-tools-for-stm32.7-2018-q2-update.win32_1.5.0.202011040924/tools/bin/../lib/gcc/arm-none-eabi/7.3.1/../../../../arm-none-eabi/lib/thumb/v7e-m/fpv5/hard\libc_nano.a(lib_a-nano-msizer.o)
 .ARM.attributes
                0x0000000000000942       0x32 f:/programas/cubeide/stm32cubeide_1.5.1/stm32cubeide/plugins/com.st.stm32cube.ide.mcu.externaltools.gnu-tools-for-stm32.7-2018-q2-update.win32_1.5.0.202011040924/tools/bin/../lib/gcc/arm-none-eabi/7.3.1/../../../../arm-none-eabi/lib/thumb/v7e-m/fpv5/hard\libm.a(lib_a-w_pow.o)
 .ARM.attributes
                0x0000000000000974       0x32 f:/programas/cubeide/stm32cubeide_1.5.1/stm32cubeide/plugins/com.st.stm32cube.ide.mcu.externaltools.gnu-tools-for-stm32.7-2018-q2-update.win32_1.5.0.202011040924/tools/bin/../lib/gcc/arm-none-eabi/7.3.1/../../../../arm-none-eabi/lib/thumb/v7e-m/fpv5/hard\libm.a(lib_a-w_sqrt.o)
 .ARM.attributes
                0x00000000000009a6       0x32 f:/programas/cubeide/stm32cubeide_1.5.1/stm32cubeide/plugins/com.st.stm32cube.ide.mcu.externaltools.gnu-tools-for-stm32.7-2018-q2-update.win32_1.5.0.202011040924/tools/bin/../lib/gcc/arm-none-eabi/7.3.1/../../../../arm-none-eabi/lib/thumb/v7e-m/fpv5/hard\libm.a(lib_a-e_pow.o)
 .ARM.attributes
                0x00000000000009d8       0x32 f:/programas/cubeide/stm32cubeide_1.5.1/stm32cubeide/plugins/com.st.stm32cube.ide.mcu.externaltools.gnu-tools-for-stm32.7-2018-q2-update.win32_1.5.0.202011040924/tools/bin/../lib/gcc/arm-none-eabi/7.3.1/../../../../arm-none-eabi/lib/thumb/v7e-m/fpv5/hard\libm.a(lib_a-e_sqrt.o)
 .ARM.attributes
                0x0000000000000a0a       0x32 f:/programas/cubeide/stm32cubeide_1.5.1/stm32cubeide/plugins/com.st.stm32cube.ide.mcu.externaltools.gnu-tools-for-stm32.7-2018-q2-update.win32_1.5.0.202011040924/tools/bin/../lib/gcc/arm-none-eabi/7.3.1/../../../../arm-none-eabi/lib/thumb/v7e-m/fpv5/hard\libm.a(lib_a-s_fabs.o)
 .ARM.attributes
                0x0000000000000a3c       0x32 f:/programas/cubeide/stm32cubeide_1.5.1/stm32cubeide/plugins/com.st.stm32cube.ide.mcu.externaltools.gnu-tools-for-stm32.7-2018-q2-update.win32_1.5.0.202011040924/tools/bin/../lib/gcc/arm-none-eabi/7.3.1/../../../../arm-none-eabi/lib/thumb/v7e-m/fpv5/hard\libm.a(lib_a-s_finite.o)
 .ARM.attributes
                0x0000000000000a6e       0x32 f:/programas/cubeide/stm32cubeide_1.5.1/stm32cubeide/plugins/com.st.stm32cube.ide.mcu.externaltools.gnu-tools-for-stm32.7-2018-q2-update.win32_1.5.0.202011040924/tools/bin/../lib/gcc/arm-none-eabi/7.3.1/../../../../arm-none-eabi/lib/thumb/v7e-m/fpv5/hard\libm.a(lib_a-s_lib_ver.o)
 .ARM.attributes
                0x0000000000000aa0       0x32 f:/programas/cubeide/stm32cubeide_1.5.1/stm32cubeide/plugins/com.st.stm32cube.ide.mcu.externaltools.gnu-tools-for-stm32.7-2018-q2-update.win32_1.5.0.202011040924/tools/bin/../lib/gcc/arm-none-eabi/7.3.1/../../../../arm-none-eabi/lib/thumb/v7e-m/fpv5/hard\libm.a(lib_a-s_matherr.o)
 .ARM.attributes
                0x0000000000000ad2       0x32 f:/programas/cubeide/stm32cubeide_1.5.1/stm32cubeide/plugins/com.st.stm32cube.ide.mcu.externaltools.gnu-tools-for-stm32.7-2018-q2-update.win32_1.5.0.202011040924/tools/bin/../lib/gcc/arm-none-eabi/7.3.1/../../../../arm-none-eabi/lib/thumb/v7e-m/fpv5/hard\libm.a(lib_a-s_nan.o)
 .ARM.attributes
                0x0000000000000b04       0x32 f:/programas/cubeide/stm32cubeide_1.5.1/stm32cubeide/plugins/com.st.stm32cube.ide.mcu.externaltools.gnu-tools-for-stm32.7-2018-q2-update.win32_1.5.0.202011040924/tools/bin/../lib/gcc/arm-none-eabi/7.3.1/../../../../arm-none-eabi/lib/thumb/v7e-m/fpv5/hard\libm.a(lib_a-s_rint.o)
 .ARM.attributes
                0x0000000000000b36       0x32 f:/programas/cubeide/stm32cubeide_1.5.1/stm32cubeide/plugins/com.st.stm32cube.ide.mcu.externaltools.gnu-tools-for-stm32.7-2018-q2-update.win32_1.5.0.202011040924/tools/bin/../lib/gcc/arm-none-eabi/7.3.1/../../../../arm-none-eabi/lib/thumb/v7e-m/fpv5/hard\libm.a(lib_a-s_scalbn.o)
 .ARM.attributes
                0x0000000000000b68       0x32 f:/programas/cubeide/stm32cubeide_1.5.1/stm32cubeide/plugins/com.st.stm32cube.ide.mcu.externaltools.gnu-tools-for-stm32.7-2018-q2-update.win32_1.5.0.202011040924/tools/bin/../lib/gcc/arm-none-eabi/7.3.1/../../../../arm-none-eabi/lib/thumb/v7e-m/fpv5/hard\libm.a(lib_a-s_copysign.o)
 .ARM.attributes
                0x0000000000000b9a       0x20 f:/programas/cubeide/stm32cubeide_1.5.1/stm32cubeide/plugins/com.st.stm32cube.ide.mcu.externaltools.gnu-tools-for-stm32.7-2018-q2-update.win32_1.5.0.202011040924/tools/bin/../lib/gcc/arm-none-eabi/7.3.1/thumb/v7e-m/fpv5/hard\libgcc.a(_aeabi_uldivmod.o)
 .ARM.attributes
                0x0000000000000bba       0x32 f:/programas/cubeide/stm32cubeide_1.5.1/stm32cubeide/plugins/com.st.stm32cube.ide.mcu.externaltools.gnu-tools-for-stm32.7-2018-q2-update.win32_1.5.0.202011040924/tools/bin/../lib/gcc/arm-none-eabi/7.3.1/thumb/v7e-m/fpv5/hard\libgcc.a(_udivmoddi4.o)
 .ARM.attributes
                0x0000000000000bec       0x20 f:/programas/cubeide/stm32cubeide_1.5.1/stm32cubeide/plugins/com.st.stm32cube.ide.mcu.externaltools.gnu-tools-for-stm32.7-2018-q2-update.win32_1.5.0.202011040924/tools/bin/../lib/gcc/arm-none-eabi/7.3.1/thumb/v7e-m/fpv5/hard\libgcc.a(_dvmd_tls.o)
 .ARM.attributes
                0x0000000000000c0c       0x20 f:/programas/cubeide/stm32cubeide_1.5.1/stm32cubeide/plugins/com.st.stm32cube.ide.mcu.externaltools.gnu-tools-for-stm32.7-2018-q2-update.win32_1.5.0.202011040924/tools/bin/../lib/gcc/arm-none-eabi/7.3.1/thumb/v7e-m/fpv5/hard/crtn.o
OUTPUT(mlxh7.elf elf32-littlearm)

.debug_info     0x0000000000000000    0x28ae9
 .debug_info    0x0000000000000000     0x1b1d Core/Src/MLX90621_BG.o
 .debug_info    0x0000000000001b1d     0x1e85 Core/Src/eth.o
 .debug_info    0x00000000000039a2     0x104f Core/Src/gpio.o
 .debug_info    0x00000000000049f1     0x15b3 Core/Src/i2c.o
 .debug_info    0x0000000000005fa4     0x2fc2 Core/Src/main.o
 .debug_info    0x0000000000008f66      0xe8f Core/Src/stm32h7xx_hal_msp.o
 .debug_info    0x0000000000009df5      0xb72 Core/Src/stm32h7xx_it.o
 .debug_info    0x000000000000a967      0x985 Core/Src/sysmem.o
 .debug_info    0x000000000000b2ec     0x161d Core/Src/system_stm32h7xx.o
 .debug_info    0x000000000000c909     0x167f Core/Src/usart.o
 .debug_info    0x000000000000df88     0x14d5 Core/Src/usb_otg.o
 .debug_info    0x000000000000f45d       0x22 Core/Startup/startup_stm32h743zitx.o
 .debug_info    0x000000000000f47f     0x1e3c Drivers/STM32H7xx_HAL_Driver/Src/stm32h7xx_hal.o
 .debug_info    0x00000000000112bb     0x1ab0 Drivers/STM32H7xx_HAL_Driver/Src/stm32h7xx_hal_cortex.o
 .debug_info    0x0000000000012d6b     0x2f12 Drivers/STM32H7xx_HAL_Driver/Src/stm32h7xx_hal_eth.o
 .debug_info    0x0000000000015c7d     0x1666 Drivers/STM32H7xx_HAL_Driver/Src/stm32h7xx_hal_gpio.o
 .debug_info    0x00000000000172e3     0x2bbd Drivers/STM32H7xx_HAL_Driver/Src/stm32h7xx_hal_i2c.o
 .debug_info    0x0000000000019ea0     0x173a Drivers/STM32H7xx_HAL_Driver/Src/stm32h7xx_hal_i2c_ex.o
 .debug_info    0x000000000001b5da     0x1ab4 Drivers/STM32H7xx_HAL_Driver/Src/stm32h7xx_hal_pcd.o
 .debug_info    0x000000000001d08e     0x1217 Drivers/STM32H7xx_HAL_Driver/Src/stm32h7xx_hal_pcd_ex.o
 .debug_info    0x000000000001e2a5     0x1951 Drivers/STM32H7xx_HAL_Driver/Src/stm32h7xx_hal_pwr_ex.o
 .debug_info    0x000000000001fbf6     0x17c7 Drivers/STM32H7xx_HAL_Driver/Src/stm32h7xx_hal_rcc.o
 .debug_info    0x00000000000213bd     0x1b37 Drivers/STM32H7xx_HAL_Driver/Src/stm32h7xx_hal_rcc_ex.o
 .debug_info    0x0000000000022ef4     0x24aa Drivers/STM32H7xx_HAL_Driver/Src/stm32h7xx_hal_uart.o
 .debug_info    0x000000000002539e     0x14a9 Drivers/STM32H7xx_HAL_Driver/Src/stm32h7xx_hal_uart_ex.o
 .debug_info    0x0000000000026847     0x22a2 Drivers/STM32H7xx_HAL_Driver/Src/stm32h7xx_ll_usb.o

.debug_abbrev   0x0000000000000000     0x4042
 .debug_abbrev  0x0000000000000000      0x33b Core/Src/MLX90621_BG.o
 .debug_abbrev  0x000000000000033b      0x25e Core/Src/eth.o
 .debug_abbrev  0x0000000000000599      0x1fd Core/Src/gpio.o
 .debug_abbrev  0x0000000000000796      0x233 Core/Src/i2c.o
 .debug_abbrev  0x00000000000009c9      0x2d4 Core/Src/main.o
 .debug_abbrev  0x0000000000000c9d      0x1e5 Core/Src/stm32h7xx_hal_msp.o
 .debug_abbrev  0x0000000000000e82      0x1c9 Core/Src/stm32h7xx_it.o
 .debug_abbrev  0x000000000000104b      0x19b Core/Src/sysmem.o
 .debug_abbrev  0x00000000000011e6      0x22e Core/Src/system_stm32h7xx.o
 .debug_abbrev  0x0000000000001414      0x233 Core/Src/usart.o
 .debug_abbrev  0x0000000000001647      0x240 Core/Src/usb_otg.o
 .debug_abbrev  0x0000000000001887       0x12 Core/Startup/startup_stm32h743zitx.o
 .debug_abbrev  0x0000000000001899      0x2d9 Drivers/STM32H7xx_HAL_Driver/Src/stm32h7xx_hal.o
 .debug_abbrev  0x0000000000001b72      0x3b5 Drivers/STM32H7xx_HAL_Driver/Src/stm32h7xx_hal_cortex.o
 .debug_abbrev  0x0000000000001f27      0x2e2 Drivers/STM32H7xx_HAL_Driver/Src/stm32h7xx_hal_eth.o
 .debug_abbrev  0x0000000000002209      0x28f Drivers/STM32H7xx_HAL_Driver/Src/stm32h7xx_hal_gpio.o
 .debug_abbrev  0x0000000000002498      0x2ac Drivers/STM32H7xx_HAL_Driver/Src/stm32h7xx_hal_i2c.o
 .debug_abbrev  0x0000000000002744      0x266 Drivers/STM32H7xx_HAL_Driver/Src/stm32h7xx_hal_i2c_ex.o
 .debug_abbrev  0x00000000000029aa      0x2f4 Drivers/STM32H7xx_HAL_Driver/Src/stm32h7xx_hal_pcd.o
 .debug_abbrev  0x0000000000002c9e      0x2a2 Drivers/STM32H7xx_HAL_Driver/Src/stm32h7xx_hal_pcd_ex.o
 .debug_abbrev  0x0000000000002f40      0x311 Drivers/STM32H7xx_HAL_Driver/Src/stm32h7xx_hal_pwr_ex.o
 .debug_abbrev  0x0000000000003251      0x2e2 Drivers/STM32H7xx_HAL_Driver/Src/stm32h7xx_hal_rcc.o
 .debug_abbrev  0x0000000000003533      0x2db Drivers/STM32H7xx_HAL_Driver/Src/stm32h7xx_hal_rcc_ex.o
 .debug_abbrev  0x000000000000380e      0x2bb Drivers/STM32H7xx_HAL_Driver/Src/stm32h7xx_hal_uart.o
 .debug_abbrev  0x0000000000003ac9      0x26f Drivers/STM32H7xx_HAL_Driver/Src/stm32h7xx_hal_uart_ex.o
 .debug_abbrev  0x0000000000003d38      0x30a Drivers/STM32H7xx_HAL_Driver/Src/stm32h7xx_ll_usb.o

.debug_aranges  0x0000000000000000     0x1310
 .debug_aranges
                0x0000000000000000       0x80 Core/Src/MLX90621_BG.o
 .debug_aranges
                0x0000000000000080       0x30 Core/Src/eth.o
 .debug_aranges
                0x00000000000000b0       0x20 Core/Src/gpio.o
 .debug_aranges
                0x00000000000000d0       0x30 Core/Src/i2c.o
 .debug_aranges
                0x0000000000000100       0x38 Core/Src/main.o
 .debug_aranges
                0x0000000000000138       0x20 Core/Src/stm32h7xx_hal_msp.o
 .debug_aranges
                0x0000000000000158       0x60 Core/Src/stm32h7xx_it.o
 .debug_aranges
                0x00000000000001b8       0x20 Core/Src/sysmem.o
 .debug_aranges
                0x00000000000001d8       0x28 Core/Src/system_stm32h7xx.o
 .debug_aranges
                0x0000000000000200       0x38 Core/Src/usart.o
 .debug_aranges
                0x0000000000000238       0x30 Core/Src/usb_otg.o
 .debug_aranges
                0x0000000000000268       0x28 Core/Startup/startup_stm32h743zitx.o
 .debug_aranges
                0x0000000000000290      0x1b8 Drivers/STM32H7xx_HAL_Driver/Src/stm32h7xx_hal.o
 .debug_aranges
                0x0000000000000448      0x120 Drivers/STM32H7xx_HAL_Driver/Src/stm32h7xx_hal_cortex.o
 .debug_aranges
                0x0000000000000568      0x1b0 Drivers/STM32H7xx_HAL_Driver/Src/stm32h7xx_hal_eth.o
 .debug_aranges
                0x0000000000000718       0x58 Drivers/STM32H7xx_HAL_Driver/Src/stm32h7xx_hal_gpio.o
 .debug_aranges
                0x0000000000000770      0x2a0 Drivers/STM32H7xx_HAL_Driver/Src/stm32h7xx_hal_i2c.o
 .debug_aranges
                0x0000000000000a10       0x48 Drivers/STM32H7xx_HAL_Driver/Src/stm32h7xx_hal_i2c_ex.o
 .debug_aranges
                0x0000000000000a58      0x130 Drivers/STM32H7xx_HAL_Driver/Src/stm32h7xx_hal_pcd.o
 .debug_aranges
                0x0000000000000b88       0x60 Drivers/STM32H7xx_HAL_Driver/Src/stm32h7xx_hal_pcd_ex.o
 .debug_aranges
                0x0000000000000be8      0x158 Drivers/STM32H7xx_HAL_Driver/Src/stm32h7xx_hal_pwr_ex.o
 .debug_aranges
                0x0000000000000d40       0x88 Drivers/STM32H7xx_HAL_Driver/Src/stm32h7xx_hal_rcc.o
 .debug_aranges
                0x0000000000000dc8       0xf8 Drivers/STM32H7xx_HAL_Driver/Src/stm32h7xx_hal_rcc_ex.o
 .debug_aranges
                0x0000000000000ec0      0x230 Drivers/STM32H7xx_HAL_Driver/Src/stm32h7xx_hal_uart.o
 .debug_aranges
                0x00000000000010f0       0x88 Drivers/STM32H7xx_HAL_Driver/Src/stm32h7xx_hal_uart_ex.o
 .debug_aranges
                0x0000000000001178      0x198 Drivers/STM32H7xx_HAL_Driver/Src/stm32h7xx_ll_usb.o

.debug_ranges   0x0000000000000000     0x1178
 .debug_ranges  0x0000000000000000       0x70 Core/Src/MLX90621_BG.o
 .debug_ranges  0x0000000000000070       0x20 Core/Src/eth.o
 .debug_ranges  0x0000000000000090       0x10 Core/Src/gpio.o
 .debug_ranges  0x00000000000000a0       0x20 Core/Src/i2c.o
 .debug_ranges  0x00000000000000c0       0x28 Core/Src/main.o
 .debug_ranges  0x00000000000000e8       0x10 Core/Src/stm32h7xx_hal_msp.o
 .debug_ranges  0x00000000000000f8       0x50 Core/Src/stm32h7xx_it.o
 .debug_ranges  0x0000000000000148       0x10 Core/Src/sysmem.o
 .debug_ranges  0x0000000000000158       0x18 Core/Src/system_stm32h7xx.o
 .debug_ranges  0x0000000000000170       0x28 Core/Src/usart.o
 .debug_ranges  0x0000000000000198       0x20 Core/Src/usb_otg.o
 .debug_ranges  0x00000000000001b8       0x20 Core/Startup/startup_stm32h743zitx.o
 .debug_ranges  0x00000000000001d8      0x1a8 Drivers/STM32H7xx_HAL_Driver/Src/stm32h7xx_hal.o
 .debug_ranges  0x0000000000000380      0x110 Drivers/STM32H7xx_HAL_Driver/Src/stm32h7xx_hal_cortex.o
 .debug_ranges  0x0000000000000490      0x1a0 Drivers/STM32H7xx_HAL_Driver/Src/stm32h7xx_hal_eth.o
 .debug_ranges  0x0000000000000630       0x48 Drivers/STM32H7xx_HAL_Driver/Src/stm32h7xx_hal_gpio.o
 .debug_ranges  0x0000000000000678      0x290 Drivers/STM32H7xx_HAL_Driver/Src/stm32h7xx_hal_i2c.o
 .debug_ranges  0x0000000000000908       0x38 Drivers/STM32H7xx_HAL_Driver/Src/stm32h7xx_hal_i2c_ex.o
 .debug_ranges  0x0000000000000940      0x120 Drivers/STM32H7xx_HAL_Driver/Src/stm32h7xx_hal_pcd.o
 .debug_ranges  0x0000000000000a60       0x50 Drivers/STM32H7xx_HAL_Driver/Src/stm32h7xx_hal_pcd_ex.o
 .debug_ranges  0x0000000000000ab0      0x148 Drivers/STM32H7xx_HAL_Driver/Src/stm32h7xx_hal_pwr_ex.o
 .debug_ranges  0x0000000000000bf8       0x78 Drivers/STM32H7xx_HAL_Driver/Src/stm32h7xx_hal_rcc.o
 .debug_ranges  0x0000000000000c70       0xe8 Drivers/STM32H7xx_HAL_Driver/Src/stm32h7xx_hal_rcc_ex.o
 .debug_ranges  0x0000000000000d58      0x220 Drivers/STM32H7xx_HAL_Driver/Src/stm32h7xx_hal_uart.o
 .debug_ranges  0x0000000000000f78       0x78 Drivers/STM32H7xx_HAL_Driver/Src/stm32h7xx_hal_uart_ex.o
 .debug_ranges  0x0000000000000ff0      0x188 Drivers/STM32H7xx_HAL_Driver/Src/stm32h7xx_ll_usb.o

.debug_macro    0x0000000000000000    0x38a50
 .debug_macro   0x0000000000000000      0x30a Core/Src/MLX90621_BG.o
 .debug_macro   0x000000000000030a      0xa66 Core/Src/MLX90621_BG.o
 .debug_macro   0x0000000000000d70       0x22 Core/Src/MLX90621_BG.o
 .debug_macro   0x0000000000000d92       0x40 Core/Src/MLX90621_BG.o
 .debug_macro   0x0000000000000dd2       0x17 Core/Src/MLX90621_BG.o
 .debug_macro   0x0000000000000de9       0x94 Core/Src/MLX90621_BG.o
 .debug_macro   0x0000000000000e7d       0x3c Core/Src/MLX90621_BG.o
 .debug_macro   0x0000000000000eb9       0x34 Core/Src/MLX90621_BG.o
 .debug_macro   0x0000000000000eed      0x174 Core/Src/MLX90621_BG.o
 .debug_macro   0x0000000000001061       0x57 Core/Src/MLX90621_BG.o
 .debug_macro   0x00000000000010b8       0x52 Core/Src/MLX90621_BG.o
 .debug_macro   0x000000000000110a       0x1f Core/Src/MLX90621_BG.o
 .debug_macro   0x0000000000001129       0x43 Core/Src/MLX90621_BG.o
 .debug_macro   0x000000000000116c       0x20 Core/Src/MLX90621_BG.o
 .debug_macro   0x000000000000118c      0x1a3 Core/Src/MLX90621_BG.o
 .debug_macro   0x000000000000132f      0x330 Core/Src/MLX90621_BG.o
 .debug_macro   0x000000000000165f      0x1e1 Core/Src/MLX90621_BG.o
 .debug_macro   0x0000000000001840      0x23e Core/Src/MLX90621_BG.o
 .debug_macro   0x0000000000001a7e       0x2e Core/Src/MLX90621_BG.o
 .debug_macro   0x0000000000001aac       0x3b Core/Src/MLX90621_BG.o
 .debug_macro   0x0000000000001ae7       0xef Core/Src/MLX90621_BG.o
 .debug_macro   0x0000000000001bd6       0x6a Core/Src/MLX90621_BG.o
 .debug_macro   0x0000000000001c40      0x1df Core/Src/MLX90621_BG.o
 .debug_macro   0x0000000000001e1f       0x1c Core/Src/MLX90621_BG.o
 .debug_macro   0x0000000000001e3b       0x22 Core/Src/MLX90621_BG.o
 .debug_macro   0x0000000000001e5d       0xd9 Core/Src/MLX90621_BG.o
 .debug_macro   0x0000000000001f36     0x12cd Core/Src/MLX90621_BG.o
 .debug_macro   0x0000000000003203      0x11f Core/Src/MLX90621_BG.o
 .debug_macro   0x0000000000003322       0x19 Core/Src/MLX90621_BG.o
 .debug_macro   0x000000000000333b    0x2538b Core/Src/MLX90621_BG.o
 .debug_macro   0x00000000000286c6       0x43 Core/Src/MLX90621_BG.o
 .debug_macro   0x0000000000028709     0x3cd3 Core/Src/MLX90621_BG.o
 .debug_macro   0x000000000002c3dc       0x54 Core/Src/MLX90621_BG.o
 .debug_macro   0x000000000002c430     0x2382 Core/Src/MLX90621_BG.o
 .debug_macro   0x000000000002e7b2     0x1009 Core/Src/MLX90621_BG.o
 .debug_macro   0x000000000002f7bb      0x138 Core/Src/MLX90621_BG.o
 .debug_macro   0x000000000002f8f3      0x117 Core/Src/MLX90621_BG.o
 .debug_macro   0x000000000002fa0a      0x3b2 Core/Src/MLX90621_BG.o
 .debug_macro   0x000000000002fdbc       0x27 Core/Src/MLX90621_BG.o
 .debug_macro   0x000000000002fde3      0x72d Core/Src/MLX90621_BG.o
 .debug_macro   0x0000000000030510      0x229 Core/Src/MLX90621_BG.o
 .debug_macro   0x0000000000030739       0x66 Core/Src/MLX90621_BG.o
 .debug_macro   0x000000000003079f      0x3bb Core/Src/MLX90621_BG.o
 .debug_macro   0x0000000000030b5a      0xa59 Core/Src/MLX90621_BG.o
 .debug_macro   0x00000000000315b3      0x129 Core/Src/MLX90621_BG.o
 .debug_macro   0x00000000000316dc      0x3e5 Core/Src/MLX90621_BG.o
 .debug_macro   0x0000000000031ac1      0x275 Core/Src/MLX90621_BG.o
 .debug_macro   0x0000000000031d36      0x3cb Core/Src/MLX90621_BG.o
 .debug_macro   0x0000000000032101      0x41d Core/Src/MLX90621_BG.o
 .debug_macro   0x000000000003251e       0x51 Core/Src/MLX90621_BG.o
 .debug_macro   0x000000000003256f       0x4a Core/Src/MLX90621_BG.o
 .debug_macro   0x00000000000325b9      0x233 Core/Src/MLX90621_BG.o