MLX90621_BG.c:19:9:readConfig	40	static
MLX90621_BG.c:31:6:lerEEPROM	32	static
MLX90621_BG.c:48:6:writeTrimmingValue	24	static
MLX90621_BG.c:60:6:setConfiguration	24	static
MLX90621_BG.c:104:6:MLX_config	8	static
MLX90621_BG.c:111:6:readIR	168	static
MLX90621_BG.c:135:7:MLX_Init	304	static
MLX90621_BG.c:208:19:MLX_Read_IT	184	static
MLX90621_BG.c:256:8:Calc_Ta	112	static
MLX90621_BG.c:278:8:Calc_Vir_Compensated	152	static
MLX90621_BG.c:329:8:Calc_Alpha_Compensated	120	static
MLX90621_BG.c:355:8:Calc_Ks4	40	static
MLX90621_BG.c:361:8:MLX_CalcTemp	104	static
